[    0.000000] Linux version 4.15.0-142-generic (buildd@lgw01-amd64-039) (gcc version 5.4.0 20160609 (Ubuntu 5.4.0-6ubuntu1~16.04.12)) #146~16.04.1-Ubuntu SMP Tue Apr 13 09:27:15 UTC 2021 (Ubuntu 4.15.0-142.146~16.04.1-generic 4.15.18)
[    0.000000] Command line: BOOT_IMAGE=/boot/vmlinuz-4.15.0-142-generic root=UUID=015c77dd-a0db-401a-a925-f53a8e64b137 ro quiet iommu=soft splash vt.handoff=7
[    0.000000] KERNEL supported cpus:
[    0.000000]   Intel GenuineIntel
[    0.000000]   AMD AuthenticAMD
[    0.000000]   Centaur CentaurHauls
[    0.000000] x86/fpu: Supporting XSAVE feature 0x001: 'x87 floating point registers'
[    0.000000] x86/fpu: Supporting XSAVE feature 0x002: 'SSE registers'
[    0.000000] x86/fpu: Supporting XSAVE feature 0x004: 'AVX registers'
[    0.000000] x86/fpu: xstate_offset[2]:  576, xstate_sizes[2]:  256
[    0.000000] x86/fpu: Enabled xstate features 0x7, context size is 832 bytes, using 'compacted' format.
[    0.000000] e820: BIOS-provided physical RAM map:
[    0.000000] BIOS-e820: [mem 0x0000000000000000-0x000000000009d3ff] usable
[    0.000000] BIOS-e820: [mem 0x000000000009d400-0x000000000009ffff] reserved
[    0.000000] BIOS-e820: [mem 0x00000000000e0000-0x00000000000fffff] reserved
[    0.000000] BIOS-e820: [mem 0x0000000000100000-0x0000000009cfffff] usable
[    0.000000] BIOS-e820: [mem 0x0000000009d00000-0x0000000009ffffff] reserved
[    0.000000] BIOS-e820: [mem 0x000000000a000000-0x000000007ade9fff] usable
[    0.000000] BIOS-e820: [mem 0x000000007adea000-0x000000007c366fff] reserved
[    0.000000] BIOS-e820: [mem 0x000000007c367000-0x000000007c45cfff] usable
[    0.000000] BIOS-e820: [mem 0x000000007c45d000-0x000000007c834fff] ACPI NVS
[    0.000000] BIOS-e820: [mem 0x000000007c835000-0x000000007d23ffff] reserved
[    0.000000] BIOS-e820: [mem 0x000000007d240000-0x000000007effffff] usable
[    0.000000] BIOS-e820: [mem 0x000000007f000000-0x000000007fffffff] reserved
[    0.000000] BIOS-e820: [mem 0x00000000f8000000-0x00000000fbffffff] reserved
[    0.000000] BIOS-e820: [mem 0x00000000fdf00000-0x00000000fdffffff] reserved
[    0.000000] BIOS-e820: [mem 0x00000000fea00000-0x00000000fea0ffff] reserved
[    0.000000] BIOS-e820: [mem 0x00000000feb80000-0x00000000fec01fff] reserved
[    0.000000] BIOS-e820: [mem 0x00000000fec10000-0x00000000fec10fff] reserved
[    0.000000] BIOS-e820: [mem 0x00000000fec30000-0x00000000fec30fff] reserved
[    0.000000] BIOS-e820: [mem 0x00000000fed00000-0x00000000fed00fff] reserved
[    0.000000] BIOS-e820: [mem 0x00000000fed40000-0x00000000fed44fff] reserved
[    0.000000] BIOS-e820: [mem 0x00000000fed80000-0x00000000fed8ffff] reserved
[    0.000000] BIOS-e820: [mem 0x00000000fedc2000-0x00000000fedcffff] reserved
[    0.000000] BIOS-e820: [mem 0x00000000fedd4000-0x00000000fedd5fff] reserved
[    0.000000] BIOS-e820: [mem 0x00000000fee00000-0x00000000feefffff] reserved
[    0.000000] BIOS-e820: [mem 0x00000000ff000000-0x00000000ffffffff] reserved
[    0.000000] BIOS-e820: [mem 0x0000000100000000-0x000000087f37ffff] usable
[    0.000000] NX (Execute Disable) protection: active
[    0.000000] SMBIOS 3.0.0 present.
[    0.000000] DMI: To Be Filled By O.E.M. To Be Filled By O.E.M./X370 Taichi, BIOS P3.20 09/08/2017
[    0.000000] e820: update [mem 0x00000000-0x00000fff] usable ==> reserved
[    0.000000] e820: remove [mem 0x000a0000-0x000fffff] usable
[    0.000000] e820: last_pfn = 0x87f380 max_arch_pfn = 0x400000000
[    0.000000] MTRR default type: uncachable
[    0.000000] MTRR fixed ranges enabled:
[    0.000000]   00000-9FFFF write-back
[    0.000000]   A0000-BFFFF write-through
[    0.000000]   C0000-FFFFF write-protect
[    0.000000] MTRR variable ranges enabled:
[    0.000000]   0 base 000000000000 mask FFFF80000000 write-back
[    0.000000]   1 base 00007F000000 mask FFFFFF000000 uncachable
[    0.000000]   2 disabled
[    0.000000]   3 disabled
[    0.000000]   4 disabled
[    0.000000]   5 disabled
[    0.000000]   6 disabled
[    0.000000]   7 disabled
[    0.000000] TOM2: 0000000880000000 aka 34816M
[    0.000000] x86/PAT: Configuration [0-7]: WB  WC  UC- UC  WB  WP  UC- WT  
[    0.000000] total RAM covered: 2032M
[    0.000000] Found optimal setting for mtrr clean up
[    0.000000]  gran_size: 64K 	chunk_size: 32M 	num_reg: 2  	lose cover RAM: 0G
[    0.000000] e820: update [mem 0x7f000000-0xffffffff] usable ==> reserved
[    0.000000] e820: last_pfn = 0x7f000 max_arch_pfn = 0x400000000
[    0.000000] Scanning 1 areas for low memory corruption
[    0.000000] Using GB pages for direct mapping
[    0.000000] RAMDISK: [mem 0x31438000-0x34a13fff]
[    0.000000] ACPI: Early table checksum verification disabled
[    0.000000] ACPI: RSDP 0x00000000000F05B0 000024 (v02 ALASKA)
[    0.000000] ACPI: XSDT 0x000000007C45D098 0000AC (v01 ALASKA A M I    01072009 AMI  00010013)
[    0.000000] ACPI: FACP 0x000000007C463030 000114 (v06 ALASKA A M I    01072009 AMI  00010013)
[    0.000000] ACPI BIOS Warning (bug): Optional FADT field Pm2ControlBlock has valid Length but zero Address: 0x0000000000000000/0x1 (20170831/tbfadt-658)
[    0.000000] ACPI: DSDT 0x000000007C45D1D8 005E57 (v02 ALASKA A M I    01072009 INTL 20120913)
[    0.000000] ACPI: FACS 0x000000007C832C80 000040
[    0.000000] ACPI: APIC 0x000000007C463148 0000DE (v03 ALASKA A M I    01072009 AMI  00010013)
[    0.000000] ACPI: FPDT 0x000000007C463228 000044 (v01 ALASKA A M I    01072009 AMI  00010013)
[    0.000000] ACPI: SSDT 0x000000007C463270 008C4C (v02 AMD    AMD ALIB 00000002 MSFT 04000000)
[    0.000000] ACPI: FIDT 0x000000007C46BEC0 00009C (v01 ALASKA A M I    01072009 AMI  00010013)
[    0.000000] ACPI: SSDT 0x000000007C46BF60 0020E4 (v01 AMD    AMD CPU  00000001 AMD  00000001)
[    0.000000] ACPI: CRAT 0x000000007C46E048 000F50 (v01 AMD    AMD CRAT 00000001 AMD  00000001)
[    0.000000] ACPI: CDIT 0x000000007C46EF98 000029 (v01 AMD    AMD CDIT 00000001 AMD  00000001)
[    0.000000] ACPI: SSDT 0x000000007C46EFC8 001721 (v01 AMD    AMD AOD  00000001 INTL 20120913)
[    0.000000] ACPI: MCFG 0x000000007C4706F0 00003C (v01 ALASKA A M I    01072009 MSFT 00010013)
[    0.000000] ACPI: AAFT 0x000000007C470730 00032C (v01 ALASKA OEMAAFT  01072009 MSFT 00000097)
[    0.000000] ACPI: HPET 0x000000007C470A60 000038 (v01 ALASKA A M I    01072009 AMI  00000005)
[    0.000000] ACPI: SSDT 0x000000007C470A98 000024 (v01 AMDFCH FCHZP    00001000 INTL 20120913)
[    0.000000] ACPI: UEFI 0x000000007C470AC0 000042 (v01                 00000000      00000000)
[    0.000000] ACPI: IVRS 0x000000007C470B08 0000D0 (v02 AMD    AMD IVRS 00000001 AMD  00000000)
[    0.000000] ACPI: SSDT 0x000000007C470BD8 0000F8 (v01 AMD    AMD PT   00001000 INTL 20120913)
[    0.000000] ACPI: SSDT 0x000000007C470CD0 001664 (v01 AMD    CPMCMN   00000001 INTL 20120913)
[    0.000000] ACPI: Local APIC address 0xfee00000
[    0.000000] No NUMA configuration found
[    0.000000] Faking a node at [mem 0x0000000000000000-0x000000087f37ffff]
[    0.000000] NODE_DATA(0) allocated [mem 0x87f355000-0x87f37ffff]
[    0.000000] tsc: Fast TSC calibration failed
[    0.000000] tsc: Using PIT calibration value
[    0.000000] Zone ranges:
[    0.000000]   DMA      [mem 0x0000000000001000-0x0000000000ffffff]
[    0.000000]   DMA32    [mem 0x0000000001000000-0x00000000ffffffff]
[    0.000000]   Normal   [mem 0x0000000100000000-0x000000087f37ffff]
[    0.000000]   Device   empty
[    0.000000] Movable zone start for each node
[    0.000000] Early memory node ranges
[    0.000000]   node   0: [mem 0x0000000000001000-0x000000000009cfff]
[    0.000000]   node   0: [mem 0x0000000000100000-0x0000000009cfffff]
[    0.000000]   node   0: [mem 0x000000000a000000-0x000000007ade9fff]
[    0.000000]   node   0: [mem 0x000000007c367000-0x000000007c45cfff]
[    0.000000]   node   0: [mem 0x000000007d240000-0x000000007effffff]
[    0.000000]   node   0: [mem 0x0000000100000000-0x000000087f37ffff]
[    0.000000] Reserved but unavailable: 100 pages
[    0.000000] Initmem setup node 0 [mem 0x0000000000001000-0x000000087f37ffff]
[    0.000000] On node 0 totalpages: 8371388
[    0.000000]   DMA zone: 64 pages used for memmap
[    0.000000]   DMA zone: 21 pages reserved
[    0.000000]   DMA zone: 3996 pages, LIFO batch:0
[    0.000000]   DMA32 zone: 7911 pages used for memmap
[    0.000000]   DMA32 zone: 506272 pages, LIFO batch:31
[    0.000000]   Normal zone: 122830 pages used for memmap
[    0.000000]   Normal zone: 7861120 pages, LIFO batch:31
[    0.000000] ACPI: PM-Timer IO Port: 0x808
[    0.000000] ACPI: Local APIC address 0xfee00000
[    0.000000] ACPI: LAPIC_NMI (acpi_id[0xff] high edge lint[0x1])
[    0.000000] IOAPIC[0]: apic_id 17, version 33, address 0xfec00000, GSI 0-23
[    0.000000] IOAPIC[1]: apic_id 18, version 33, address 0xfec01000, GSI 24-55
[    0.000000] ACPI: INT_SRC_OVR (bus 0 bus_irq 0 global_irq 2 dfl dfl)
[    0.000000] ACPI: INT_SRC_OVR (bus 0 bus_irq 9 global_irq 9 low level)
[    0.000000] ACPI: IRQ0 used by override.
[    0.000000] ACPI: IRQ9 used by override.
[    0.000000] Using ACPI (MADT) for SMP configuration information
[    0.000000] ACPI: HPET id: 0x10228201 base: 0xfed00000
[    0.000000] smpboot: Allowing 16 CPUs, 0 hotplug CPUs
[    0.000000] PM: Registered nosave memory: [mem 0x00000000-0x00000fff]
[    0.000000] PM: Registered nosave memory: [mem 0x0009d000-0x0009dfff]
[    0.000000] PM: Registered nosave memory: [mem 0x0009e000-0x0009ffff]
[    0.000000] PM: Registered nosave memory: [mem 0x000a0000-0x000dffff]
[    0.000000] PM: Registered nosave memory: [mem 0x000e0000-0x000fffff]
[    0.000000] PM: Registered nosave memory: [mem 0x09d00000-0x09ffffff]
[    0.000000] PM: Registered nosave memory: [mem 0x7adea000-0x7c366fff]
[    0.000000] PM: Registered nosave memory: [mem 0x7c45d000-0x7c834fff]
[    0.000000] PM: Registered nosave memory: [mem 0x7c835000-0x7d23ffff]
[    0.000000] PM: Registered nosave memory: [mem 0x7f000000-0x7fffffff]
[    0.000000] PM: Registered nosave memory: [mem 0x80000000-0xf7ffffff]
[    0.000000] PM: Registered nosave memory: [mem 0xf8000000-0xfbffffff]
[    0.000000] PM: Registered nosave memory: [mem 0xfc000000-0xfdefffff]
[    0.000000] PM: Registered nosave memory: [mem 0xfdf00000-0xfdffffff]
[    0.000000] PM: Registered nosave memory: [mem 0xfe000000-0xfe9fffff]
[    0.000000] PM: Registered nosave memory: [mem 0xfea00000-0xfea0ffff]
[    0.000000] PM: Registered nosave memory: [mem 0xfea10000-0xfeb7ffff]
[    0.000000] PM: Registered nosave memory: [mem 0xfeb80000-0xfec01fff]
[    0.000000] PM: Registered nosave memory: [mem 0xfec02000-0xfec0ffff]
[    0.000000] PM: Registered nosave memory: [mem 0xfec10000-0xfec10fff]
[    0.000000] PM: Registered nosave memory: [mem 0xfec11000-0xfec2ffff]
[    0.000000] PM: Registered nosave memory: [mem 0xfec30000-0xfec30fff]
[    0.000000] PM: Registered nosave memory: [mem 0xfec31000-0xfecfffff]
[    0.000000] PM: Registered nosave memory: [mem 0xfed00000-0xfed00fff]
[    0.000000] PM: Registered nosave memory: [mem 0xfed01000-0xfed3ffff]
[    0.000000] PM: Registered nosave memory: [mem 0xfed40000-0xfed44fff]
[    0.000000] PM: Registered nosave memory: [mem 0xfed45000-0xfed7ffff]
[    0.000000] PM: Registered nosave memory: [mem 0xfed80000-0xfed8ffff]
[    0.000000] PM: Registered nosave memory: [mem 0xfed90000-0xfedc1fff]
[    0.000000] PM: Registered nosave memory: [mem 0xfedc2000-0xfedcffff]
[    0.000000] PM: Registered nosave memory: [mem 0xfedd0000-0xfedd3fff]
[    0.000000] PM: Registered nosave memory: [mem 0xfedd4000-0xfedd5fff]
[    0.000000] PM: Registered nosave memory: [mem 0xfedd6000-0xfedfffff]
[    0.000000] PM: Registered nosave memory: [mem 0xfee00000-0xfeefffff]
[    0.000000] PM: Registered nosave memory: [mem 0xfef00000-0xfeffffff]
[    0.000000] PM: Registered nosave memory: [mem 0xff000000-0xffffffff]
[    0.000000] e820: [mem 0x80000000-0xf7ffffff] available for PCI devices
[    0.000000] Booting paravirtualized kernel on bare hardware
[    0.000000] clocksource: refined-jiffies: mask: 0xffffffff max_cycles: 0xffffffff, max_idle_ns: 7645519600211568 ns
[    0.000000] random: get_random_bytes called from start_kernel+0x99/0x51e with crng_init=0
[    0.000000] setup_percpu: NR_CPUS:8192 nr_cpumask_bits:16 nr_cpu_ids:16 nr_node_ids:1
[    0.000000] percpu: Embedded 45 pages/cpu s147456 r8192 d28672 u262144
[    0.000000] pcpu-alloc: s147456 r8192 d28672 u262144 alloc=1*2097152
[    0.000000] pcpu-alloc: [0] 00 01 02 03 04 05 06 07 [0] 08 09 10 11 12 13 14 15 
[    0.000000] Built 1 zonelists, mobility grouping on.  Total pages: 8240562
[    0.000000] Policy zone: Normal
[    0.000000] Kernel command line: BOOT_IMAGE=/boot/vmlinuz-4.15.0-142-generic root=UUID=015c77dd-a0db-401a-a925-f53a8e64b137 ro quiet iommu=soft splash vt.handoff=7
[    0.000000] Memory: 32808652K/33485552K available (12300K kernel code, 2482K rwdata, 4224K rodata, 2440K init, 2724K bss, 676900K reserved, 0K cma-reserved)
[    0.000000] SLUB: HWalign=64, Order=0-3, MinObjects=0, CPUs=16, Nodes=1
[    0.000000] ftrace: allocating 39412 entries in 154 pages
[    0.000000] Hierarchical RCU implementation.
[    0.000000] 	RCU restricting CPUs from NR_CPUS=8192 to nr_cpu_ids=16.
[    0.000000] 	Tasks RCU enabled.
[    0.000000] RCU: Adjusting geometry for rcu_fanout_leaf=16, nr_cpu_ids=16
[    0.000000] NR_IRQS: 524544, nr_irqs: 1096, preallocated irqs: 16
[    0.000000] spurious 8259A interrupt: IRQ7.
[    0.000000] vt handoff: transparent VT on vt#7
[    0.000000] Console: colour dummy device 80x25
[    0.000000] console [tty0] enabled
[    0.000000] ACPI: Core revision 20170831
[    0.000000] ACPI: 7 ACPI AML tables successfully acquired and loaded
[    0.000000] clocksource: hpet: mask: 0xffffffff max_cycles: 0xffffffff, max_idle_ns: 133484873504 ns
[    0.000000] hpet clockevent registered
[    0.000000] APIC: Switch to symmetric I/O mode setup
[    0.000000] Switched APIC routing to physical flat.
[    0.000000] ..TIMER: vector=0x30 apic1=0 pin1=2 apic2=-1 pin2=-1
[    0.020000] tsc: Fast TSC calibration failed
[    0.028000] tsc: PIT calibration matches HPET. 1 loops
[    0.028000] tsc: Detected 2999.791 MHz processor
[    0.028000] Calibrating delay loop (skipped), value calculated using timer frequency.. 5999.58 BogoMIPS (lpj=11999164)
[    0.028000] pid_max: default: 32768 minimum: 301
[    0.028000] Security Framework initialized
[    0.028000] Yama: becoming mindful.
[    0.028000] AppArmor: AppArmor initialized
[    0.034162] Dentry cache hash table entries: 4194304 (order: 13, 33554432 bytes)
[    0.036141] Inode-cache hash table entries: 2097152 (order: 12, 16777216 bytes)
[    0.036942] Mount-cache hash table entries: 65536 (order: 7, 524288 bytes)
[    0.037007] Mountpoint-cache hash table entries: 65536 (order: 7, 524288 bytes)
[    0.037224] LVT offset 1 assigned for vector 0xf9
[    0.037348] LVT offset 2 assigned for vector 0xf4
[    0.037360] Last level iTLB entries: 4KB 1024, 2MB 1024, 4MB 512
[    0.037360] Last level dTLB entries: 4KB 1536, 2MB 1536, 4MB 768, 1GB 0
[    0.037361] Spectre V1 : Mitigation: usercopy/swapgs barriers and __user pointer sanitization
[    0.037363] Spectre V2 : Mitigation: Full AMD retpoline
[    0.037363] Spectre V2 : Spectre v2 / SpectreRSB mitigation: Filling RSB on context switch
[    0.037364] Speculative Store Bypass: Mitigation: Speculative Store Bypass disabled via prctl and seccomp
[    0.044844] Freeing SMP alternatives memory: 36K
[    0.157406] smpboot: CPU0: AMD Ryzen 7 1700 Eight-Core Processor (family: 0x17, model: 0x1, stepping: 0x1)
[    0.157462] Performance Events: Fam17h core perfctr, AMD PMU driver.
[    0.157465] ... version:                0
[    0.157466] ... bit width:              48
[    0.157466] ... generic registers:      6
[    0.157466] ... value mask:             0000ffffffffffff
[    0.157467] ... max period:             00007fffffffffff
[    0.157467] ... fixed-purpose events:   0
[    0.157467] ... event mask:             000000000000003f
[    0.157491] Hierarchical SRCU implementation.
[    0.158112] NMI watchdog: Enabled. Permanently consumes one hw-PMU counter.
[    0.158122] smp: Bringing up secondary CPUs ...
[    0.158189] x86: Booting SMP configuration:
[    0.158190] .... node  #0, CPUs:        #1  #2  #3  #4  #5  #6  #7  #8  #9 #10 #11 #12 #13 #14 #15
[    0.190212] smp: Brought up 1 node, 16 CPUs
[    0.190212] smpboot: Max logical packages: 1
[    0.190212] smpboot: Total of 16 processors activated (95993.31 BogoMIPS)
[    0.192861] devtmpfs: initialized
[    0.192861] x86/mm: Memory block size: 128MB
[    0.193695] evm: security.selinux
[    0.193696] evm: security.SMACK64
[    0.193696] evm: security.SMACK64EXEC
[    0.193696] evm: security.SMACK64TRANSMUTE
[    0.193697] evm: security.SMACK64MMAP
[    0.193697] evm: security.apparmor
[    0.193697] evm: security.ima
[    0.193698] evm: security.capability
[    0.193711] PM: Registering ACPI NVS region [mem 0x7c45d000-0x7c834fff] (4030464 bytes)
[    0.193711] clocksource: jiffies: mask: 0xffffffff max_cycles: 0xffffffff, max_idle_ns: 7645041785100000 ns
[    0.193711] futex hash table entries: 4096 (order: 6, 262144 bytes)
[    0.193711] pinctrl core: initialized pinctrl subsystem
[    0.193711] RTC time: 12:08:23, date: 09/25/23
[    0.193711] NET: Registered protocol family 16
[    0.193711] audit: initializing netlink subsys (disabled)
[    0.193711] audit: type=2000 audit(1695643702.192:1): state=initialized audit_enabled=0 res=1
[    0.193711] cpuidle: using governor ladder
[    0.193711] cpuidle: using governor menu
[    0.193711] ACPI: bus type PCI registered
[    0.193711] acpiphp: ACPI Hot Plug PCI Controller Driver version: 0.5
[    0.193711] PCI: MMCONFIG for domain 0000 [bus 00-3f] at [mem 0xf8000000-0xfbffffff] (base 0xf8000000)
[    0.193711] PCI: MMCONFIG at [mem 0xf8000000-0xfbffffff] reserved in E820
[    0.193711] PCI: Using configuration type 1 for base access
[    0.197035] HugeTLB registered 1.00 GiB page size, pre-allocated 0 pages
[    0.197035] HugeTLB registered 2.00 MiB page size, pre-allocated 0 pages
[    0.197035] ACPI: Added _OSI(Module Device)
[    0.197035] ACPI: Added _OSI(Processor Device)
[    0.197035] ACPI: Added _OSI(3.0 _SCP Extensions)
[    0.197035] ACPI: Added _OSI(Processor Aggregator Device)
[    0.197035] ACPI: Added _OSI(Linux-Dell-Video)
[    0.197035] ACPI: Added _OSI(Linux-Lenovo-NV-HDMI-Audio)
[    0.197035] ACPI: Added _OSI(Linux-HPI-Hybrid-Graphics)
[    0.197035] ACPI: [Firmware Bug]: BIOS _OSI(Linux) query ignored
[    0.197035] ACPI: Executed 2 blocks of module-level executable AML code
[    0.206014] ACPI: Interpreter enabled
[    0.206029] ACPI: (supports S0 S3 S4 S5)
[    0.206030] ACPI: Using IOAPIC for interrupt routing
[    0.206176] PCI: Using host bridge windows from ACPI; if necessary, use "pci=nocrs" and report a bug
[    0.206462] ACPI: Enabled 2 GPEs in block 00 to 1F
[    0.214736] ACPI: PCI Root Bridge [PCI0] (domain 0000 [bus 00-ff])
[    0.214740] acpi PNP0A08:00: _OSC: OS supports [ExtendedConfig ASPM ClockPM Segments MSI]
[    0.215008] acpi PNP0A08:00: _OSC: OS now controls [PCIeHotplug PME AER PCIeCapability]
[    0.215018] acpi PNP0A08:00: [Firmware Info]: MMCONFIG for domain 0000 [bus 00-3f] only partially covers this bridge
[    0.215397] PCI host bridge to bus 0000:00
[    0.215399] pci_bus 0000:00: root bus resource [io  0x0000-0x03af window]
[    0.215400] pci_bus 0000:00: root bus resource [io  0x03e0-0x0cf7 window]
[    0.215401] pci_bus 0000:00: root bus resource [io  0x03b0-0x03df window]
[    0.215402] pci_bus 0000:00: root bus resource [io  0x0d00-0xffff window]
[    0.215403] pci_bus 0000:00: root bus resource [mem 0x000a0000-0x000bffff window]
[    0.215404] pci_bus 0000:00: root bus resource [mem 0x000c0000-0x000dffff window]
[    0.215404] pci_bus 0000:00: root bus resource [mem 0x80000000-0xfec2ffff window]
[    0.215405] pci_bus 0000:00: root bus resource [mem 0xfee00000-0xffffffff window]
[    0.215406] pci_bus 0000:00: root bus resource [bus 00-ff]
[    0.215412] pci 0000:00:00.0: [1022:1450] type 00 class 0x060000
[    0.215496] pci 0000:00:00.2: [1022:1451] type 00 class 0x080600
[    0.215595] pci 0000:00:01.0: [1022:1452] type 00 class 0x060000
[    0.215670] pci 0000:00:01.3: [1022:1453] type 01 class 0x060400
[    0.215720] pci 0000:00:01.3: PME# supported from D0 D3hot D3cold
[    0.215801] pci 0000:00:02.0: [1022:1452] type 00 class 0x060000
[    0.215886] pci 0000:00:03.0: [1022:1452] type 00 class 0x060000
[    0.215956] pci 0000:00:03.1: [1022:1453] type 01 class 0x060400
[    0.216011] pci 0000:00:03.1: PME# supported from D0 D3hot D3cold
[    0.216091] pci 0000:00:04.0: [1022:1452] type 00 class 0x060000
[    0.216181] pci 0000:00:07.0: [1022:1452] type 00 class 0x060000
[    0.216252] pci 0000:00:07.1: [1022:1454] type 01 class 0x060400
[    0.216273] pci 0000:00:07.1: enabling Extended Tags
[    0.216295] pci 0000:00:07.1: PME# supported from D0 D3hot D3cold
[    0.216371] pci 0000:00:08.0: [1022:1452] type 00 class 0x060000
[    0.216442] pci 0000:00:08.1: [1022:1454] type 01 class 0x060400
[    0.216464] pci 0000:00:08.1: enabling Extended Tags
[    0.216487] pci 0000:00:08.1: PME# supported from D0 D3hot D3cold
[    0.216597] pci 0000:00:14.0: [1022:790b] type 00 class 0x0c0500
[    0.216817] pci 0000:00:14.3: [1022:790e] type 00 class 0x060100
[    0.217041] pci 0000:00:18.0: [1022:1460] type 00 class 0x060000
[    0.217101] pci 0000:00:18.1: [1022:1461] type 00 class 0x060000
[    0.217161] pci 0000:00:18.2: [1022:1462] type 00 class 0x060000
[    0.217220] pci 0000:00:18.3: [1022:1463] type 00 class 0x060000
[    0.217280] pci 0000:00:18.4: [1022:1464] type 00 class 0x060000
[    0.217338] pci 0000:00:18.5: [1022:1465] type 00 class 0x060000
[    0.217397] pci 0000:00:18.6: [1022:1466] type 00 class 0x060000
[    0.217455] pci 0000:00:18.7: [1022:1467] type 00 class 0x060000
[    0.217574] pci 0000:03:00.0: [1022:43b9] type 00 class 0x0c0330
[    0.217596] pci 0000:03:00.0: reg 0x10: [mem 0xa05a0000-0xa05a7fff 64bit]
[    0.217668] pci 0000:03:00.0: PME# supported from D3hot D3cold
[    0.217727] pci 0000:03:00.1: [1022:43b5] type 00 class 0x010601
[    0.217770] pci 0000:03:00.1: reg 0x24: [mem 0xa0580000-0xa059ffff]
[    0.217777] pci 0000:03:00.1: reg 0x30: [mem 0xa0500000-0xa057ffff pref]
[    0.217814] pci 0000:03:00.1: PME# supported from D3hot D3cold
[    0.217855] pci 0000:03:00.2: [1022:43b0] type 01 class 0x060400
[    0.217930] pci 0000:03:00.2: PME# supported from D3hot D3cold
[    0.228022] pci 0000:00:01.3: PCI bridge to [bus 03-0d]
[    0.228025] pci 0000:00:01.3:   bridge window [io  0xe000-0xffff]
[    0.228027] pci 0000:00:01.3:   bridge window [mem 0x80000000-0xa05fffff]
[    0.228094] pci 0000:04:00.0: [1022:43b4] type 01 class 0x060400
[    0.228185] pci 0000:04:00.0: PME# supported from D3hot D3cold
[    0.228247] pci 0000:04:02.0: [1022:43b4] type 01 class 0x060400
[    0.228335] pci 0000:04:02.0: PME# supported from D3hot D3cold
[    0.228388] pci 0000:04:03.0: [1022:43b4] type 01 class 0x060400
[    0.228475] pci 0000:04:03.0: PME# supported from D3hot D3cold
[    0.228531] pci 0000:04:04.0: [1022:43b4] type 01 class 0x060400
[    0.228618] pci 0000:04:04.0: PME# supported from D3hot D3cold
[    0.228684] pci 0000:03:00.2: PCI bridge to [bus 04-0d]
[    0.228688] pci 0000:03:00.2:   bridge window [io  0xe000-0xffff]
[    0.228691] pci 0000:03:00.2:   bridge window [mem 0x80000000-0xa04fffff]
[    0.228725] pci 0000:04:00.0: PCI bridge to [bus 05]
[    0.228782] pci 0000:06:00.0: [1b21:0612] type 00 class 0x010601
[    0.228810] pci 0000:06:00.0: reg 0x10: [io  0xf050-0xf057]
[    0.228822] pci 0000:06:00.0: reg 0x14: [io  0xf040-0xf043]
[    0.228833] pci 0000:06:00.0: reg 0x18: [io  0xf030-0xf037]
[    0.228845] pci 0000:06:00.0: reg 0x1c: [io  0xf020-0xf023]
[    0.228857] pci 0000:06:00.0: reg 0x20: [io  0xf000-0xf01f]
[    0.228869] pci 0000:06:00.0: reg 0x24: [mem 0xa0400000-0xa04001ff]
[    0.240023] pci 0000:04:02.0: PCI bridge to [bus 06]
[    0.240028] pci 0000:04:02.0:   bridge window [io  0xf000-0xffff]
[    0.240031] pci 0000:04:02.0:   bridge window [mem 0xa0400000-0xa04fffff]
[    0.240101] pci 0000:07:00.0: [1b21:1184] type 01 class 0x060400
[    0.240251] pci 0000:07:00.0: PME# supported from D0 D3hot D3cold
[    0.252024] pci 0000:04:03.0: PCI bridge to [bus 07-0c]
[    0.252029] pci 0000:04:03.0:   bridge window [io  0xe000-0xefff]
[    0.252032] pci 0000:04:03.0:   bridge window [mem 0xa0200000-0xa03fffff]
[    0.252139] pci 0000:08:01.0: [1b21:1184] type 01 class 0x060400
[    0.252286] pci 0000:08:01.0: PME# supported from D0 D3hot D3cold
[    0.252367] pci 0000:08:03.0: [1b21:1184] type 01 class 0x060400
[    0.252510] pci 0000:08:03.0: PME# supported from D0 D3hot D3cold
[    0.252590] pci 0000:08:05.0: [1b21:1184] type 01 class 0x060400
[    0.252734] pci 0000:08:05.0: PME# supported from D0 D3hot D3cold
[    0.252812] pci 0000:08:07.0: [1b21:1184] type 01 class 0x060400
[    0.252956] pci 0000:08:07.0: PME# supported from D0 D3hot D3cold
[    0.253053] pci 0000:07:00.0: PCI bridge to [bus 08-0c]
[    0.253060] pci 0000:07:00.0:   bridge window [io  0xe000-0xefff]
[    0.253063] pci 0000:07:00.0:   bridge window [mem 0xa0200000-0xa03fffff]
[    0.253154] pci 0000:09:00.0: [8086:24fb] type 00 class 0x028000
[    0.253230] pci 0000:09:00.0: reg 0x10: [mem 0xa0300000-0xa0301fff 64bit]
[    0.253496] pci 0000:09:00.0: PME# supported from D0 D3hot D3cold
[    0.264051] pci 0000:08:01.0: PCI bridge to [bus 09]
[    0.264062] pci 0000:08:01.0:   bridge window [mem 0xa0300000-0xa03fffff]
[    0.264135] pci 0000:08:03.0: PCI bridge to [bus 0a]
[    0.264226] pci 0000:0b:00.0: [8086:1539] type 00 class 0x020000
[    0.264278] pci 0000:0b:00.0: reg 0x10: [mem 0xa0200000-0xa021ffff]
[    0.264316] pci 0000:0b:00.0: reg 0x18: [io  0xe000-0xe01f]
[    0.264335] pci 0000:0b:00.0: reg 0x1c: [mem 0xa0220000-0xa0223fff]
[    0.264531] pci 0000:0b:00.0: PME# supported from D0 D3hot D3cold
[    0.276033] pci 0000:08:05.0: PCI bridge to [bus 0b]
[    0.276041] pci 0000:08:05.0:   bridge window [io  0xe000-0xefff]
[    0.276045] pci 0000:08:05.0:   bridge window [mem 0xa0200000-0xa02fffff]
[    0.276118] pci 0000:08:07.0: PCI bridge to [bus 0c]
[    0.276212] pci 0000:0d:00.0: [10ee:b03f] type 00 class 0x058000
[    0.276246] pci 0000:0d:00.0: reg 0x10: [mem 0xa0010000-0xa001ffff 64bit]
[    0.276263] pci 0000:0d:00.0: reg 0x18: [mem 0x80000000-0x9fffffff 64bit]
[    0.276279] pci 0000:0d:00.0: reg 0x20: [mem 0xa0000000-0xa000ffff 64bit]
[    0.276363] pci 0000:0d:00.0: supports D1
[    0.276364] pci 0000:0d:00.0: PME# supported from D0 D1 D3hot D3cold
[    0.276436] pci 0000:04:04.0: PCI bridge to [bus 0d]
[    0.276442] pci 0000:04:04.0:   bridge window [mem 0x80000000-0xa00fffff]
[    0.276505] pci 0000:0e:00.0: [10ee:b03f] type 00 class 0x058000
[    0.276521] pci 0000:0e:00.0: reg 0x10: [mem 0xe0010000-0xe001ffff 64bit]
[    0.276530] pci 0000:0e:00.0: reg 0x18: [mem 0xc0000000-0xdfffffff 64bit]
[    0.276538] pci 0000:0e:00.0: reg 0x20: [mem 0xe0000000-0xe000ffff 64bit]
[    0.276579] pci 0000:0e:00.0: supports D1
[    0.276580] pci 0000:0e:00.0: PME# supported from D0 D1 D3hot D3cold
[    0.276628] pci 0000:00:03.1: PCI bridge to [bus 0e]
[    0.276631] pci 0000:00:03.1:   bridge window [mem 0xc0000000-0xe00fffff]
[    0.276672] pci 0000:11:00.0: [1022:145a] type 00 class 0x130000
[    0.276703] pci 0000:11:00.0: enabling Extended Tags
[    0.276753] pci 0000:11:00.2: [1022:1456] type 00 class 0x108000
[    0.276769] pci 0000:11:00.2: reg 0x18: [mem 0xe0300000-0xe03fffff]
[    0.276779] pci 0000:11:00.2: reg 0x24: [mem 0xe0400000-0xe0401fff]
[    0.276786] pci 0000:11:00.2: enabling Extended Tags
[    0.276842] pci 0000:11:00.3: [1022:145c] type 00 class 0x0c0330
[    0.276853] pci 0000:11:00.3: reg 0x10: [mem 0xe0200000-0xe02fffff 64bit]
[    0.276872] pci 0000:11:00.3: enabling Extended Tags
[    0.276895] pci 0000:11:00.3: PME# supported from D0 D3hot D3cold
[    0.276943] pci 0000:00:07.1: PCI bridge to [bus 11]
[    0.276946] pci 0000:00:07.1:   bridge window [mem 0xe0200000-0xe04fffff]
[    0.276993] pci 0000:12:00.0: [1022:1455] type 00 class 0x130000
[    0.277025] pci 0000:12:00.0: enabling Extended Tags
[    0.277079] pci 0000:12:00.2: [1022:7901] type 00 class 0x010601
[    0.277105] pci 0000:12:00.2: reg 0x24: [mem 0xe0508000-0xe0508fff]
[    0.277112] pci 0000:12:00.2: enabling Extended Tags
[    0.277138] pci 0000:12:00.2: PME# supported from D3hot D3cold
[    0.277175] pci 0000:12:00.3: [1022:1457] type 00 class 0x040300
[    0.277185] pci 0000:12:00.3: reg 0x10: [mem 0xe0500000-0xe0507fff]
[    0.277208] pci 0000:12:00.3: enabling Extended Tags
[    0.277233] pci 0000:12:00.3: PME# supported from D0 D3hot D3cold
[    0.277280] pci 0000:00:08.1: PCI bridge to [bus 12]
[    0.277283] pci 0000:00:08.1:   bridge window [mem 0xe0500000-0xe05fffff]
[    0.277582] ACPI: PCI Interrupt Link [LNKA] (IRQs 4 5 7 10 11 14 15) *0
[    0.277645] ACPI: PCI Interrupt Link [LNKB] (IRQs 4 5 7 10 11 14 15) *0
[    0.277700] ACPI: PCI Interrupt Link [LNKC] (IRQs 4 5 7 10 11 14 15) *0
[    0.277766] ACPI: PCI Interrupt Link [LNKD] (IRQs 4 5 7 10 11 14 15) *0
[    0.277834] ACPI: PCI Interrupt Link [LNKE] (IRQs 4 5 7 10 11 14 15) *0
[    0.277893] ACPI: PCI Interrupt Link [LNKF] (IRQs 4 5 7 10 11 14 15) *0
[    0.277952] ACPI: PCI Interrupt Link [LNKG] (IRQs 4 5 7 10 11 14 15) *0
[    0.278006] ACPI: PCI Interrupt Link [LNKH] (IRQs 4 5 7 10 11 14 15) *0
[    0.278614] SCSI subsystem initialized
[    0.280010] libata version 3.00 loaded.
[    0.280021] vgaarb: loaded
[    0.280021] ACPI: bus type USB registered
[    0.280028] usbcore: registered new interface driver usbfs
[    0.280033] usbcore: registered new interface driver hub
[    0.280038] usbcore: registered new device driver usb
[    0.280060] EDAC MC: Ver: 3.0.0
[    0.280114] PCI: Using ACPI for IRQ routing
[    0.282873] PCI: pci_cache_line_size set to 64 bytes
[    0.282955] e820: reserve RAM buffer [mem 0x0009d400-0x0009ffff]
[    0.282956] e820: reserve RAM buffer [mem 0x09d00000-0x0bffffff]
[    0.282956] e820: reserve RAM buffer [mem 0x7adea000-0x7bffffff]
[    0.282957] e820: reserve RAM buffer [mem 0x7c45d000-0x7fffffff]
[    0.282957] e820: reserve RAM buffer [mem 0x7f000000-0x7fffffff]
[    0.282958] e820: reserve RAM buffer [mem 0x87f380000-0x87fffffff]
[    0.283026] NetLabel: Initializing
[    0.283026] NetLabel:  domain hash size = 128
[    0.283026] NetLabel:  protocols = UNLABELED CIPSOv4 CALIPSO
[    0.283038] NetLabel:  unlabeled traffic allowed by default
[    0.284037] hpet0: at MMIO 0xfed00000, IRQs 2, 8, 0
[    0.284039] hpet0: 3 comparators, 32-bit 14.318180 MHz counter
[    0.285053] clocksource: Switched to clocksource hpet
[    0.291822] VFS: Disk quotas dquot_6.6.0
[    0.291837] VFS: Dquot-cache hash table entries: 512 (order 0, 4096 bytes)
[    0.291916] AppArmor: AppArmor Filesystem Enabled
[    0.291943] pnp: PnP ACPI init
[    0.292082] system 00:00: [mem 0xf8000000-0xfbffffff] has been reserved
[    0.292085] system 00:00: Plug and Play ACPI device, IDs PNP0c01 (active)
[    0.292148] system 00:01: [mem 0xfeb80000-0xfebfffff] has been reserved
[    0.292151] system 00:01: Plug and Play ACPI device, IDs PNP0c02 (active)
[    0.292247] pnp 00:02: Plug and Play ACPI device, IDs PNP0b00 (active)
[    0.292427] system 00:03: [io  0x0280-0x028f] has been reserved
[    0.292428] system 00:03: [io  0x0290-0x029f] has been reserved
[    0.292429] system 00:03: [io  0x02a0-0x02af] has been reserved
[    0.292430] system 00:03: [io  0x02b0-0x02bf] has been reserved
[    0.292432] system 00:03: Plug and Play ACPI device, IDs PNP0c02 (active)
[    0.292666] system 00:04: [io  0x04d0-0x04d1] has been reserved
[    0.292666] system 00:04: [io  0x040b] has been reserved
[    0.292667] system 00:04: [io  0x04d6] has been reserved
[    0.292668] system 00:04: [io  0x0c00-0x0c01] has been reserved
[    0.292669] system 00:04: [io  0x0c14] has been reserved
[    0.292670] system 00:04: [io  0x0c50-0x0c51] has been reserved
[    0.292671] system 00:04: [io  0x0c52] has been reserved
[    0.292671] system 00:04: [io  0x0c6c] has been reserved
[    0.292672] system 00:04: [io  0x0c6f] has been reserved
[    0.292673] system 00:04: [io  0x0cd0-0x0cd1] has been reserved
[    0.292673] system 00:04: [io  0x0cd2-0x0cd3] has been reserved
[    0.292674] system 00:04: [io  0x0cd4-0x0cd5] has been reserved
[    0.292675] system 00:04: [io  0x0cd6-0x0cd7] has been reserved
[    0.292675] system 00:04: [io  0x0cd8-0x0cdf] has been reserved
[    0.292676] system 00:04: [io  0x0800-0x089f] has been reserved
[    0.292677] system 00:04: [io  0x0b00-0x0b0f] has been reserved
[    0.292678] system 00:04: [io  0x0b20-0x0b3f] has been reserved
[    0.292678] system 00:04: [io  0x0900-0x090f] has been reserved
[    0.292679] system 00:04: [io  0x0910-0x091f] has been reserved
[    0.292680] system 00:04: [mem 0xfec00000-0xfec00fff] could not be reserved
[    0.292681] system 00:04: [mem 0xfec01000-0xfec01fff] could not be reserved
[    0.292682] system 00:04: [mem 0xfedc0000-0xfedc0fff] has been reserved
[    0.292683] system 00:04: [mem 0xfee00000-0xfee00fff] has been reserved
[    0.292684] system 00:04: [mem 0xfed80000-0xfed8ffff] could not be reserved
[    0.292684] system 00:04: [mem 0xfec10000-0xfec10fff] has been reserved
[    0.292685] system 00:04: [mem 0xff000000-0xffffffff] has been reserved
[    0.292687] system 00:04: Plug and Play ACPI device, IDs PNP0c02 (active)
[    0.293036] pnp: PnP ACPI: found 5 devices
[    0.299348] clocksource: acpi_pm: mask: 0xffffff max_cycles: 0xffffff, max_idle_ns: 2085701024 ns
[    0.299362] pci 0000:04:00.0: PCI bridge to [bus 05]
[    0.299372] pci 0000:04:02.0: PCI bridge to [bus 06]
[    0.299374] pci 0000:04:02.0:   bridge window [io  0xf000-0xffff]
[    0.299378] pci 0000:04:02.0:   bridge window [mem 0xa0400000-0xa04fffff]
[    0.299384] pci 0000:08:01.0: PCI bridge to [bus 09]
[    0.299389] pci 0000:08:01.0:   bridge window [mem 0xa0300000-0xa03fffff]
[    0.299399] pci 0000:08:03.0: PCI bridge to [bus 0a]
[    0.299413] pci 0000:08:05.0: PCI bridge to [bus 0b]
[    0.299415] pci 0000:08:05.0:   bridge window [io  0xe000-0xefff]
[    0.299420] pci 0000:08:05.0:   bridge window [mem 0xa0200000-0xa02fffff]
[    0.299429] pci 0000:08:07.0: PCI bridge to [bus 0c]
[    0.299443] pci 0000:07:00.0: PCI bridge to [bus 08-0c]
[    0.299445] pci 0000:07:00.0:   bridge window [io  0xe000-0xefff]
[    0.299450] pci 0000:07:00.0:   bridge window [mem 0xa0200000-0xa03fffff]
[    0.299460] pci 0000:04:03.0: PCI bridge to [bus 07-0c]
[    0.299461] pci 0000:04:03.0:   bridge window [io  0xe000-0xefff]
[    0.299464] pci 0000:04:03.0:   bridge window [mem 0xa0200000-0xa03fffff]
[    0.299470] pci 0000:04:04.0: PCI bridge to [bus 0d]
[    0.299474] pci 0000:04:04.0:   bridge window [mem 0x80000000-0xa00fffff]
[    0.299479] pci 0000:03:00.2: PCI bridge to [bus 04-0d]
[    0.299481] pci 0000:03:00.2:   bridge window [io  0xe000-0xffff]
[    0.299484] pci 0000:03:00.2:   bridge window [mem 0x80000000-0xa04fffff]
[    0.299489] pci 0000:00:01.3: PCI bridge to [bus 03-0d]
[    0.299490] pci 0000:00:01.3:   bridge window [io  0xe000-0xffff]
[    0.299492] pci 0000:00:01.3:   bridge window [mem 0x80000000-0xa05fffff]
[    0.299496] pci 0000:00:03.1: PCI bridge to [bus 0e]
[    0.299497] pci 0000:00:03.1:   bridge window [mem 0xc0000000-0xe00fffff]
[    0.299501] pci 0000:00:07.1: PCI bridge to [bus 11]
[    0.299503] pci 0000:00:07.1:   bridge window [mem 0xe0200000-0xe04fffff]
[    0.299506] pci 0000:00:08.1: PCI bridge to [bus 12]
[    0.299508] pci 0000:00:08.1:   bridge window [mem 0xe0500000-0xe05fffff]
[    0.299512] pci_bus 0000:00: resource 4 [io  0x0000-0x03af window]
[    0.299513] pci_bus 0000:00: resource 5 [io  0x03e0-0x0cf7 window]
[    0.299513] pci_bus 0000:00: resource 6 [io  0x03b0-0x03df window]
[    0.299514] pci_bus 0000:00: resource 7 [io  0x0d00-0xffff window]
[    0.299515] pci_bus 0000:00: resource 8 [mem 0x000a0000-0x000bffff window]
[    0.299515] pci_bus 0000:00: resource 9 [mem 0x000c0000-0x000dffff window]
[    0.299516] pci_bus 0000:00: resource 10 [mem 0x80000000-0xfec2ffff window]
[    0.299517] pci_bus 0000:00: resource 11 [mem 0xfee00000-0xffffffff window]
[    0.299518] pci_bus 0000:03: resource 0 [io  0xe000-0xffff]
[    0.299518] pci_bus 0000:03: resource 1 [mem 0x80000000-0xa05fffff]
[    0.299519] pci_bus 0000:04: resource 0 [io  0xe000-0xffff]
[    0.299520] pci_bus 0000:04: resource 1 [mem 0x80000000-0xa04fffff]
[    0.299520] pci_bus 0000:06: resource 0 [io  0xf000-0xffff]
[    0.299521] pci_bus 0000:06: resource 1 [mem 0xa0400000-0xa04fffff]
[    0.299522] pci_bus 0000:07: resource 0 [io  0xe000-0xefff]
[    0.299522] pci_bus 0000:07: resource 1 [mem 0xa0200000-0xa03fffff]
[    0.299523] pci_bus 0000:08: resource 0 [io  0xe000-0xefff]
[    0.299524] pci_bus 0000:08: resource 1 [mem 0xa0200000-0xa03fffff]
[    0.299524] pci_bus 0000:09: resource 1 [mem 0xa0300000-0xa03fffff]
[    0.299525] pci_bus 0000:0b: resource 0 [io  0xe000-0xefff]
[    0.299526] pci_bus 0000:0b: resource 1 [mem 0xa0200000-0xa02fffff]
[    0.299527] pci_bus 0000:0d: resource 1 [mem 0x80000000-0xa00fffff]
[    0.299528] pci_bus 0000:0e: resource 1 [mem 0xc0000000-0xe00fffff]
[    0.299528] pci_bus 0000:11: resource 1 [mem 0xe0200000-0xe04fffff]
[    0.299529] pci_bus 0000:12: resource 1 [mem 0xe0500000-0xe05fffff]
[    0.299591] NET: Registered protocol family 2
[    0.299733] TCP established hash table entries: 262144 (order: 9, 2097152 bytes)
[    0.300043] TCP bind hash table entries: 65536 (order: 8, 1048576 bytes)
[    0.300164] TCP: Hash tables configured (established 262144 bind 65536)
[    0.300207] UDP hash table entries: 16384 (order: 7, 524288 bytes)
[    0.300278] UDP-Lite hash table entries: 16384 (order: 7, 524288 bytes)
[    0.300376] NET: Registered protocol family 1
[    0.300630] PCI: CLS 64 bytes, default 64
[    0.300655] Unpacking initramfs...
[    0.841992] Freeing initrd memory: 55152K
[    0.842033] PCI-DMA: Using software bounce buffering for IO (SWIOTLB)
[    0.842034] software IO TLB: mapped [mem 0x76dea000-0x7adea000] (64MB)
[    0.842073] amd_uncore: AMD NB counters detected
[    0.842079] amd_uncore: AMD LLC counters detected
[    0.842894] Scanning for low memory corruption every 60 seconds
[    0.843520] Initialise system trusted keyrings
[    0.843528] Key type blacklist registered
[    0.843587] workingset: timestamp_bits=36 max_order=23 bucket_order=0
[    0.844385] zbud: loaded
[    0.844808] squashfs: version 4.0 (2009/01/31) Phillip Lougher
[    0.844937] fuse init (API version 7.26)
[    0.846421] Key type asymmetric registered
[    0.846422] Asymmetric key parser 'x509' registered
[    0.846441] Block layer SCSI generic (bsg) driver version 0.4 loaded (major 246)
[    0.846468] io scheduler noop registered
[    0.846468] io scheduler deadline registered
[    0.846484] io scheduler cfq registered (default)
[    0.848872] pcieport 0000:00:01.3: AER enabled with IRQ 25
[    0.848887] pcieport 0000:00:03.1: AER enabled with IRQ 26
[    0.848896] pcieport 0000:00:01.3: Signaling PME with IRQ 25
[    0.848908] pcieport 0000:00:03.1: Signaling PME with IRQ 26
[    0.848919] pcieport 0000:00:07.1: Signaling PME with IRQ 27
[    0.848935] pcieport 0000:00:08.1: Signaling PME with IRQ 29
[    0.848989] efifb: probing for efifb
[    0.848995] efifb: framebuffer at 0xa0000, using 64k, total 64k
[    0.848996] efifb: mode is 640x480x1, linelength=80, pages=1
[    0.848996] efifb: scrolling: redraw
[    0.848997] efifb: Truecolor: size=8:8:8:8, shift=24:16:8:0
[    0.849055] Console: switching to colour frame buffer device 80x30
[    0.849062] fb0: EFI VGA frame buffer device
[    0.849152] input: Power Button as /devices/LNXSYSTM:00/LNXSYBUS:00/PNP0C0C:00/input/input0
[    0.849159] ACPI: Power Button [PWRB]
[    0.849184] input: Power Button as /devices/LNXSYSTM:00/LNXPWRBN:00/input/input1
[    0.849231] ACPI: Power Button [PWRF]
[    0.851219] Serial: 8250/16550 driver, 32 ports, IRQ sharing enabled
[    0.852984] Linux agpgart interface v0.103
[    0.855627] loop: module loaded
[    0.855748] libphy: Fixed MDIO Bus: probed
[    0.855749] tun: Universal TUN/TAP device driver, 1.6
[    0.855780] PPP generic driver version 2.4.2
[    0.855823] ehci_hcd: USB 2.0 'Enhanced' Host Controller (EHCI) Driver
[    0.855825] ehci-pci: EHCI PCI platform driver
[    0.855832] ehci-platform: EHCI generic platform driver
[    0.855838] ohci_hcd: USB 1.1 'Open' Host Controller (OHCI) Driver
[    0.855839] ohci-pci: OHCI PCI platform driver
[    0.855846] ohci-platform: OHCI generic platform driver
[    0.855850] uhci_hcd: USB Universal Host Controller Interface driver
[    0.855922] xhci_hcd 0000:03:00.0: xHCI Host Controller
[    0.855927] xhci_hcd 0000:03:00.0: new USB bus registered, assigned bus number 1
[    0.911146] xhci_hcd 0000:03:00.0: hcc params 0x0200ef81 hci version 0x110 quirks 0x0000000008000410
[    0.911255] usb usb1: New USB device found, idVendor=1d6b, idProduct=0002
[    0.911256] usb usb1: New USB device strings: Mfr=3, Product=2, SerialNumber=1
[    0.911257] usb usb1: Product: xHCI Host Controller
[    0.911257] usb usb1: Manufacturer: Linux 4.15.0-142-generic xhci-hcd
[    0.911258] usb usb1: SerialNumber: 0000:03:00.0
[    0.911345] hub 1-0:1.0: USB hub found
[    0.911360] hub 1-0:1.0: 14 ports detected
[    0.912554] xhci_hcd 0000:03:00.0: xHCI Host Controller
[    0.912558] xhci_hcd 0000:03:00.0: new USB bus registered, assigned bus number 2
[    0.912560] xhci_hcd 0000:03:00.0: Host supports USB 3.10 Enhanced SuperSpeed
[    0.912585] usb usb2: We don't know the algorithms for LPM for this host, disabling LPM.
[    0.912598] usb usb2: New USB device found, idVendor=1d6b, idProduct=0003
[    0.912599] usb usb2: New USB device strings: Mfr=3, Product=2, SerialNumber=1
[    0.912600] usb usb2: Product: xHCI Host Controller
[    0.912601] usb usb2: Manufacturer: Linux 4.15.0-142-generic xhci-hcd
[    0.912601] usb usb2: SerialNumber: 0000:03:00.0
[    0.912685] hub 2-0:1.0: USB hub found
[    0.912701] hub 2-0:1.0: 8 ports detected
[    0.913538] xhci_hcd 0000:11:00.3: xHCI Host Controller
[    0.913541] xhci_hcd 0000:11:00.3: new USB bus registered, assigned bus number 3
[    0.913644] xhci_hcd 0000:11:00.3: hcc params 0x0270f665 hci version 0x100 quirks 0x0000000040000410
[    0.913726] usb usb3: New USB device found, idVendor=1d6b, idProduct=0002
[    0.913727] usb usb3: New USB device strings: Mfr=3, Product=2, SerialNumber=1
[    0.913728] usb usb3: Product: xHCI Host Controller
[    0.913729] usb usb3: Manufacturer: Linux 4.15.0-142-generic xhci-hcd
[    0.913729] usb usb3: SerialNumber: 0000:11:00.3
[    0.913816] hub 3-0:1.0: USB hub found
[    0.913822] hub 3-0:1.0: 4 ports detected
[    0.913954] xhci_hcd 0000:11:00.3: xHCI Host Controller
[    0.913956] xhci_hcd 0000:11:00.3: new USB bus registered, assigned bus number 4
[    0.913958] xhci_hcd 0000:11:00.3: Host supports USB 3.0  SuperSpeed
[    0.913968] usb usb4: We don't know the algorithms for LPM for this host, disabling LPM.
[    0.913982] usb usb4: New USB device found, idVendor=1d6b, idProduct=0003
[    0.913982] usb usb4: New USB device strings: Mfr=3, Product=2, SerialNumber=1
[    0.913983] usb usb4: Product: xHCI Host Controller
[    0.913984] usb usb4: Manufacturer: Linux 4.15.0-142-generic xhci-hcd
[    0.913985] usb usb4: SerialNumber: 0000:11:00.3
[    0.914054] hub 4-0:1.0: USB hub found
[    0.914059] hub 4-0:1.0: 4 ports detected
[    0.914193] i8042: PNP: No PS/2 controller found.
[    0.914251] mousedev: PS/2 mouse device common for all mice
[    0.914369] rtc_cmos 00:02: RTC can wake from S4
[    0.914566] rtc_cmos 00:02: rtc core: registered rtc_cmos as rtc0
[    0.914612] rtc_cmos 00:02: alarms up to one month, y3k, 114 bytes nvram, hpet irqs
[    0.914616] i2c /dev entries driver
[    0.914644] device-mapper: uevent: version 1.0.3
[    0.914685] device-mapper: ioctl: 4.37.0-ioctl (2017-09-20) initialised: dm-devel@redhat.com
[    0.915203] ledtrig-cpu: registered to indicate activity on CPUs
[    0.915576] NET: Registered protocol family 10
[    0.918672] Segment Routing with IPv6
[    0.918686] NET: Registered protocol family 17
[    0.918734] Key type dns_resolver registered
[    0.919873] mce: Using 23 MCE banks
[    0.919880] RAS: Correctable Errors collector initialized.
[    0.919898] microcode: CPU0: patch_level=0x08001129
[    0.919902] microcode: CPU1: patch_level=0x08001129
[    0.919916] microcode: CPU2: patch_level=0x08001129
[    0.919924] microcode: CPU3: patch_level=0x08001129
[    0.919943] microcode: CPU4: patch_level=0x08001129
[    0.919958] microcode: CPU5: patch_level=0x08001129
[    0.919979] microcode: CPU6: patch_level=0x08001129
[    0.919985] microcode: CPU7: patch_level=0x08001129
[    0.919996] microcode: CPU8: patch_level=0x08001129
[    0.920004] microcode: CPU9: patch_level=0x08001129
[    0.920032] microcode: CPU10: patch_level=0x08001129
[    0.920048] microcode: CPU11: patch_level=0x08001129
[    0.920061] microcode: CPU12: patch_level=0x08001129
[    0.920074] microcode: CPU13: patch_level=0x08001129
[    0.920088] microcode: CPU14: patch_level=0x08001129
[    0.920100] microcode: CPU15: patch_level=0x08001129
[    0.920136] microcode: Microcode Update Driver: v2.2.
[    0.920143] sched_clock: Marking stable (920129941, 0)->(905843786, 14286155)
[    0.920637] registered taskstats version 1
[    0.920644] Loading compiled-in X.509 certificates
[    0.922581] Loaded X.509 cert 'Build time autogenerated kernel key: 310b85060be12bbc7d8d593b115b85602f79f4c2'
[    0.922602] zswap: loaded using pool lzo/zbud
[    0.925072] Key type big_key registered
[    0.925076] Key type trusted registered
[    0.926181] Key type encrypted registered
[    0.926183] AppArmor: AppArmor sha1 policy hashing enabled
[    0.926185] ima: No TPM chip found, activating TPM-bypass! (rc=-19)
[    0.926190] ima: Allocated hash algorithm: sha1
[    0.926199] evm: HMAC attrs: 0x1
[    0.926530]   Magic number: 7:235:128
[    0.926591] acpi device:03: hash matches
[    0.926593] acpi PNP0C02:00: hash matches
[    0.926707] rtc_cmos 00:02: setting system clock to 2023-09-25 12:08:23 UTC (1695643703)
[    0.926992] acpi_cpufreq: overriding BIOS provided _PSD data
[    0.927477] BIOS EDD facility v0.16 2004-Jun-25, 0 devices found
[    0.927477] EDD information not available.
[    1.316083] usb 1-9: new full-speed USB device number 2 using xhci_hcd
[    1.450529] Freeing unused kernel image memory: 2440K
[    1.476238] Write protecting the kernel read-only data: 20480k
[    1.477879] Freeing unused kernel image memory: 2008K
[    1.478141] Freeing unused kernel image memory: 1920K
[    1.485985] x86/mm: Checked W+X mappings: passed, no W+X pages found.
[    1.494996] random: systemd-udevd: uninitialized urandom read (16 bytes read)
[    1.495054] random: systemd-udevd: uninitialized urandom read (16 bytes read)
[    1.495062] random: systemd-udevd: uninitialized urandom read (16 bytes read)
[    1.546104] ahci 0000:03:00.1: version 3.0
[    1.546246] ahci 0000:03:00.1: SSS flag set, parallel bus scan disabled
[    1.546300] ahci 0000:03:00.1: AHCI 0001.0301 32 slots 8 ports 6 Gbps 0xff impl SATA mode
[    1.546301] ahci 0000:03:00.1: flags: 64bit ncq sntf stag pm led clo only pmp pio slum part sxs deso sadm sds apst 
[    1.546899] scsi host0: ahci
[    1.546965] pps_core: LinuxPPS API ver. 1 registered
[    1.546966] pps_core: Software ver. 5.3.6 - Copyright 2005-2007 Rodolfo Giometti <giometti@linux.it>
[    1.547013] scsi host1: ahci
[    1.547108] scsi host2: ahci
[    1.547207] scsi host3: ahci
[    1.547298] scsi host4: ahci
[    1.547698] scsi host5: ahci
[    1.547929] PTP clock support registered
[    1.548033] scsi host6: ahci
[    1.548149] scsi host7: ahci
[    1.548177] ata1: SATA max UDMA/133 abar m131072@0xa0580000 port 0xa0580100 irq 47
[    1.548179] ata2: SATA max UDMA/133 abar m131072@0xa0580000 port 0xa0580180 irq 47
[    1.548181] ata3: SATA max UDMA/133 abar m131072@0xa0580000 port 0xa0580200 irq 47
[    1.548182] ata4: SATA max UDMA/133 abar m131072@0xa0580000 port 0xa0580280 irq 47
[    1.548183] ata5: SATA max UDMA/133 abar m131072@0xa0580000 port 0xa0580300 irq 47
[    1.548184] ata6: SATA max UDMA/133 abar m131072@0xa0580000 port 0xa0580380 irq 47
[    1.548186] ata7: SATA max UDMA/133 abar m131072@0xa0580000 port 0xa0580400 irq 47
[    1.548187] ata8: SATA max UDMA/133 abar m131072@0xa0580000 port 0xa0580480 irq 47
[    1.548321] ahci 0000:06:00.0: SSS flag set, parallel bus scan disabled
[    1.548360] ahci 0000:06:00.0: AHCI 0001.0200 32 slots 2 ports 6 Gbps 0x3 impl SATA mode
[    1.548361] ahci 0000:06:00.0: flags: 64bit ncq sntf stag led clo pmp pio slum part ccc sxs 
[    1.548640] scsi host8: ahci
[    1.548855] scsi host9: ahci
[    1.548881] ata9: SATA max UDMA/133 abar m512@0xa0400000 port 0xa0400100 irq 48
[    1.548883] ata10: SATA max UDMA/133 abar m512@0xa0400000 port 0xa0400180 irq 48
[    1.548985] ahci 0000:12:00.2: AHCI 0001.0301 32 slots 1 ports 6 Gbps 0x1 impl SATA mode
[    1.548986] ahci 0000:12:00.2: flags: 64bit ncq sntf ilck pm led clo only pmp fbs pio slum part 
[    1.549135] scsi host10: ahci
[    1.549164] ata11: SATA max UDMA/133 abar m4096@0xe0508000 port 0xe0508100 irq 50
[    1.549684] dca service started, version 1.12.1
[    1.552834] igb: Intel(R) Gigabit Ethernet Network Driver - version 5.4.0-k
[    1.552834] igb: Copyright (c) 2007-2014 Intel Corporation.
[    1.711670] usb 1-9: New USB device found, idVendor=8087, idProduct=0aa7
[    1.711672] usb 1-9: New USB device strings: Mfr=0, Product=0, SerialNumber=0
[    1.745619] usb 2-4: new SuperSpeed USB device number 2 using xhci_hcd
[    1.789628] pps pps0: new PPS source ptp0
[    1.789671] igb 0000:0b:00.0: added PHC on eth0
[    1.789672] igb 0000:0b:00.0: Intel(R) Gigabit Ethernet Network Connection
[    1.789673] igb 0000:0b:00.0: eth0: (PCIe:2.5Gb/s:Width x1) 70:85:c2:6e:33:c8
[    1.789674] igb 0000:0b:00.0: eth0: PBA No: FFFFFF-0FF
[    1.789675] igb 0000:0b:00.0: Using MSI-X interrupts. 2 rx queue(s), 2 tx queue(s)
[    1.793091] igb 0000:0b:00.0 enp11s0: renamed from eth0
[    1.796869] usb 2-4: New USB device found, idVendor=8564, idProduct=4000
[    1.796871] usb 2-4: New USB device strings: Mfr=1, Product=2, SerialNumber=3
[    1.796872] usb 2-4: Product: USB3.0 Card Reader
[    1.796873] usb 2-4: Manufacturer: Realtek
[    1.796873] usb 2-4: SerialNumber: 201412031053
[    1.806676] usb-storage 2-4:1.0: USB Mass Storage device detected
[    1.806787] scsi host11: usb-storage 2-4:1.0
[    1.806834] usbcore: registered new interface driver usb-storage
[    1.807801] usbcore: registered new interface driver uas
[    1.852157] tsc: Refined TSC clocksource calibration: 3000.182 MHz
[    1.852166] clocksource: tsc: mask: 0xffffffffffffffff max_cycles: 0x2b3ef1471db, max_idle_ns: 440795243617 ns
[    1.863086] ata9: SATA link down (SStatus 0 SControl 300)
[    1.863280] ata1: SATA link down (SStatus 0 SControl 300)
[    1.867672] ata11: SATA link down (SStatus 0 SControl 300)
[    2.180585] ata2: SATA link down (SStatus 0 SControl 300)
[    2.495264] ata3: SATA link down (SStatus 0 SControl 300)
[    2.812361] ata4: SATA link down (SStatus 0 SControl 300)
[    2.822300] scsi 11:0:0:0: Direct-Access     Generic- USB3.0 CRW    -0 1.00 PQ: 0 ANSI: 6
[    2.830229] scsi 11:0:0:1: Direct-Access     Generic- USB3.0 CRW    -1 1.00 PQ: 0 ANSI: 6
[    2.838320] scsi 11:0:0:2: Direct-Access     Generic- USB3.0 CRW    -2 1.00 PQ: 0 ANSI: 6
[    2.838674] sd 11:0:0:0: Attached scsi generic sg0 type 0
[    2.838783] sd 11:0:0:1: Attached scsi generic sg1 type 0
[    2.838880] sd 11:0:0:2: Attached scsi generic sg2 type 0
[    2.876295] clocksource: Switched to clocksource tsc
[    2.915500] sd 11:0:0:0: [sda] Attached SCSI removable disk
[    2.917553] sd 11:0:0:1: [sdb] Attached SCSI removable disk
[    2.919567] sd 11:0:0:2: [sdc] Attached SCSI removable disk
[    3.125483] ata5: SATA link down (SStatus 0 SControl 300)
[    3.437466] ata6: SATA link down (SStatus 0 SControl 300)
[    3.749527] ata7: SATA link down (SStatus 0 SControl 300)
[    4.220474] ata8: SATA link up 6.0 Gbps (SStatus 133 SControl 300)
[    4.222250] ata8.00: supports DRM functions and may not be fully accessible
[    4.223086] ata8.00: ATA-11: Samsung SSD 860 PRO 1TB, RVM02B6Q, max UDMA/133
[    4.223087] ata8.00: 2000409264 sectors, multi 1: LBA48 NCQ (depth 31/32), AA
[    4.225412] ata8.00: supports DRM functions and may not be fully accessible
[    4.228191] ata8.00: configured for UDMA/133
[    4.228531] scsi 7:0:0:0: Direct-Access     ATA      Samsung SSD 860  2B6Q PQ: 0 ANSI: 5
[    4.228719] ata8.00: Enabling discard_zeroes_data
[    4.228770] sd 7:0:0:0: Attached scsi generic sg3 type 0
[    4.228798] sd 7:0:0:0: [sdd] 2000409264 512-byte logical blocks: (1.02 TB/954 GiB)
[    4.228810] sd 7:0:0:0: [sdd] Write Protect is off
[    4.228812] sd 7:0:0:0: [sdd] Mode Sense: 00 3a 00 00
[    4.228843] sd 7:0:0:0: [sdd] Write cache: enabled, read cache: enabled, doesn't support DPO or FUA
[    4.228961] ata8.00: Enabling discard_zeroes_data
[    4.229276]  sdd: sdd1 sdd2 < sdd5 >
[    4.229433] ata8.00: Enabling discard_zeroes_data
[    4.230544] sd 7:0:0:0: [sdd] supports TCG Opal
[    4.230546] sd 7:0:0:0: [sdd] Attached SCSI disk
[    4.541489] ata10: SATA link down (SStatus 0 SControl 300)
[    4.551147] random: fast init done
[    4.597215] EXT4-fs (sdd1): mounted filesystem with ordered data mode. Opts: (null)
[    4.661005] systemd[1]: systemd 229 running in system mode. (+PAM +AUDIT +SELINUX +IMA +APPARMOR +SMACK +SYSVINIT +UTMP +LIBCRYPTSETUP +GCRYPT +GNUTLS +ACL +XZ -LZ4 +SECCOMP +BLKID +ELFUTILS +KMOD -IDN)
[    4.680854] systemd[1]: Detected architecture x86-64.
[    4.681000] systemd[1]: Set hostname to <venom>.
[    4.721953] systemd[1]: Listening on fsck to fsckd communication Socket.
[    4.722050] systemd[1]: Created slice System Slice.
[    4.722062] systemd[1]: Reached target Encrypted Volumes.
[    4.722093] systemd[1]: Listening on udev Kernel Socket.
[    4.722115] systemd[1]: Listening on Syslog Socket.
[    4.722121] systemd[1]: Reached target User and Group Name Lookups.
[    4.722144] systemd[1]: Listening on /dev/initctl Compatibility Named Pipe.
[    4.735429] EXT4-fs (sdd1): re-mounted. Opts: errors=remount-ro
[    4.737820] lp: driver loaded but no devices found
[    4.741148] ppdev: user-space parallel port driver
[    4.772838] systemd-journald[389]: Received request to flush runtime journal from PID 1
[    4.848779] shpchp: Standard Hot Plug PCI Controller Driver version: 0.4
[    4.853062] piix4_smbus 0000:00:14.0: SMBus Host Controller at 0xb00, revision 0
[    4.853063] piix4_smbus 0000:00:14.0: Using register 0x02 for SMBus port selection
[    4.854366] piix4_smbus 0000:00:14.0: Auxiliary SMBus Host Controller at 0xb20
[    4.855573] audit: type=1400 audit(1695643707.421:2): apparmor="STATUS" operation="profile_load" profile="unconfined" name="/usr/sbin/ippusbxd" pid=671 comm="apparmor_parser"
[    4.856347] audit: type=1400 audit(1695643707.425:3): apparmor="STATUS" operation="profile_load" profile="unconfined" name="/usr/lib/snapd/snap-confine" pid=668 comm="apparmor_parser"
[    4.856350] audit: type=1400 audit(1695643707.425:4): apparmor="STATUS" operation="profile_load" profile="unconfined" name="/usr/lib/snapd/snap-confine//mount-namespace-capture-helper" pid=668 comm="apparmor_parser"
[    4.858116] audit: type=1400 audit(1695643707.425:5): apparmor="STATUS" operation="profile_load" profile="unconfined" name="/usr/sbin/tcpdump" pid=673 comm="apparmor_parser"
[    4.858775] audit: type=1400 audit(1695643707.425:6): apparmor="STATUS" operation="profile_load" profile="unconfined" name="/sbin/dhclient" pid=664 comm="apparmor_parser"
[    4.858778] audit: type=1400 audit(1695643707.425:7): apparmor="STATUS" operation="profile_load" profile="unconfined" name="/usr/lib/NetworkManager/nm-dhcp-client.action" pid=664 comm="apparmor_parser"
[    4.858779] audit: type=1400 audit(1695643707.425:8): apparmor="STATUS" operation="profile_load" profile="unconfined" name="/usr/lib/NetworkManager/nm-dhcp-helper" pid=664 comm="apparmor_parser"
[    4.858781] audit: type=1400 audit(1695643707.425:9): apparmor="STATUS" operation="profile_load" profile="unconfined" name="/usr/lib/connman/scripts/dhclient-script" pid=664 comm="apparmor_parser"
[    4.859366] ccp 0000:11:00.2: ccp enabled
[    4.859367] ccp 0000:11:00.2: enabled
[    4.859703] audit: type=1400 audit(1695643707.425:10): apparmor="STATUS" operation="profile_load" profile="unconfined" name="/usr/sbin/cups-browsed" pid=669 comm="apparmor_parser"
[    4.926530] AVX2 version of gcm_enc/dec engaged.
[    4.926531] AES CTR mode by8 optimization enabled
[    4.929956] Bluetooth: Core ver 2.22
[    4.929977] NET: Registered protocol family 31
[    4.929978] Bluetooth: HCI device and connection manager initialized
[    4.929981] Bluetooth: HCI socket layer initialized
[    4.929982] Bluetooth: L2CAP socket layer initialized
[    4.929987] Bluetooth: SCO socket layer initialized
[    4.932847] cfg80211: Loading compiled-in X.509 certificates for regulatory database
[    4.935143] cfg80211: Loaded X.509 cert 'sforshee: 00b28ddf47aef9cea7'
[    4.935814] usbcore: registered new interface driver btusb
[    4.942022] Intel(R) Wireless WiFi driver for Linux
[    4.942024] Copyright(c) 2003- 2015 Intel Corporation
[    4.946076] iwlwifi 0000:09:00.0: loaded firmware version 29.1044073957.0 op_mode iwlmvm
[    4.954904] Bluetooth: hci0: read Intel version: 370810225019140f36
[    4.954906] Bluetooth: hci0: Intel device is already patched. patch num: 36
[    4.955488] kvm: disabled by bios
[    4.972235] iwlwifi 0000:09:00.0: Detected Intel(R) Dual Band Wireless AC 3168, REV=0x220
[    4.989936] iwlwifi 0000:09:00.0: base HW address: 40:a3:cc:bb:d7:08
[    5.045559] MCE: In-kernel MCE decoding enabled.
[    5.045626] kvm: disabled by bios
[    5.046135] ieee80211 phy0: Selected rate control algorithm 'iwl-mvm-rs'
[    5.046399] (NULL device *): hwmon_device_register() is deprecated. Please convert the driver to use hwmon_device_register_with_info().
[    5.046418] thermal thermal_zone0: failed to read out thermal zone (-61)
[    5.046860] EDAC amd64: Node 0: DRAM ECC disabled.
[    5.046862] EDAC amd64: ECC disabled in the BIOS or no ECC capability, module will not load.
                Either enable ECC checking or force module loading by setting 'ecc_enable_override'.
                (Note that use of the override may cause unknown side effects.)
[    5.047757] snd_hda_codec_realtek hdaudioC0D0: autoconfig for ALC1220: line_outs=3 (0x14/0x15/0x16/0x0/0x0) type:line
[    5.047758] snd_hda_codec_realtek hdaudioC0D0:    speaker_outs=0 (0x0/0x0/0x0/0x0/0x0)
[    5.047760] snd_hda_codec_realtek hdaudioC0D0:    hp_outs=1 (0x1b/0x0/0x0/0x0/0x0)
[    5.047760] snd_hda_codec_realtek hdaudioC0D0:    mono: mono_out=0x0
[    5.047761] snd_hda_codec_realtek hdaudioC0D0:    dig-out=0x1e/0x0
[    5.047762] snd_hda_codec_realtek hdaudioC0D0:    inputs:
[    5.047763] snd_hda_codec_realtek hdaudioC0D0:      Front Mic=0x19
[    5.047764] snd_hda_codec_realtek hdaudioC0D0:      Rear Mic=0x18
[    5.047765] snd_hda_codec_realtek hdaudioC0D0:      Line=0x1a
[    5.050895] iwlwifi 0000:09:00.0 wlp9s0: renamed from wlan0
[    5.061004] input: HD-Audio Generic Front Mic as /devices/pci0000:00/0000:00:08.1/0000:12:00.3/sound/card0/input2
[    5.061140] input: HD-Audio Generic Rear Mic as /devices/pci0000:00/0000:00:08.1/0000:12:00.3/sound/card0/input3
[    5.061322] input: HD-Audio Generic Line as /devices/pci0000:00/0000:00:08.1/0000:12:00.3/sound/card0/input4
[    5.061483] input: HD-Audio Generic Line Out Front as /devices/pci0000:00/0000:00:08.1/0000:12:00.3/sound/card0/input5
[    5.061624] input: HD-Audio Generic Line Out Surround as /devices/pci0000:00/0000:00:08.1/0000:12:00.3/sound/card0/input6
[    5.061764] input: HD-Audio Generic Line Out CLFE as /devices/pci0000:00/0000:00:08.1/0000:12:00.3/sound/card0/input7
[    5.061920] input: HD-Audio Generic Front Headphone as /devices/pci0000:00/0000:00:08.1/0000:12:00.3/sound/card0/input8
[    5.084467] Adding 999420k swap on /dev/sdd5.  Priority:-2 extents:1 across:999420k SSFS
[    5.193283] Bluetooth: BNEP (Ethernet Emulation) ver 1.3
[    5.193285] Bluetooth: BNEP filters: protocol multicast
[    5.193287] EDAC amd64: Node 0: DRAM ECC disabled.
[    5.193288] EDAC amd64: ECC disabled in the BIOS or no ECC capability, module will not load.
                Either enable ECC checking or force module loading by setting 'ecc_enable_override'.
                (Note that use of the override may cause unknown side effects.)
[    5.193289] Bluetooth: BNEP socket layer initialized
[    5.193290] kvm: disabled by bios
[    5.209683] IPv6: ADDRCONF(NETDEV_UP): wlp9s0: link is not ready
[    5.279379] random: crng init done
[    5.279381] random: 7 urandom warning(s) missed due to ratelimiting
[    5.282447] IPv6: ADDRCONF(NETDEV_UP): wlp9s0: link is not ready
[    5.284456] IPv6: ADDRCONF(NETDEV_UP): enp11s0: link is not ready
[    5.310321] IPv6: ADDRCONF(NETDEV_UP): enp11s0: link is not ready
[    5.329014] kvm: disabled by bios
[    5.329838] EDAC amd64: Node 0: DRAM ECC disabled.
[    5.329839] EDAC amd64: ECC disabled in the BIOS or no ECC capability, module will not load.
                Either enable ECC checking or force module loading by setting 'ecc_enable_override'.
                (Note that use of the override may cause unknown side effects.)
[    5.399135] IPv6: ADDRCONF(NETDEV_UP): wlp9s0: link is not ready
[    5.425089] EDAC amd64: Node 0: DRAM ECC disabled.
[    5.425090] EDAC amd64: ECC disabled in the BIOS or no ECC capability, module will not load.
                Either enable ECC checking or force module loading by setting 'ecc_enable_override'.
                (Note that use of the override may cause unknown side effects.)
[    5.425494] kvm: disabled by bios
[    5.497402] EDAC amd64: Node 0: DRAM ECC disabled.
[    5.497404] EDAC amd64: ECC disabled in the BIOS or no ECC capability, module will not load.
                Either enable ECC checking or force module loading by setting 'ecc_enable_override'.
                (Note that use of the override may cause unknown side effects.)
[    5.497530] kvm: disabled by bios
[    5.576948] kvm: disabled by bios
[    5.577610] EDAC amd64: Node 0: DRAM ECC disabled.
[    5.577611] EDAC amd64: ECC disabled in the BIOS or no ECC capability, module will not load.
                Either enable ECC checking or force module loading by setting 'ecc_enable_override'.
                (Note that use of the override may cause unknown side effects.)
[    5.649333] EDAC amd64: Node 0: DRAM ECC disabled.
[    5.649335] EDAC amd64: ECC disabled in the BIOS or no ECC capability, module will not load.
                Either enable ECC checking or force module loading by setting 'ecc_enable_override'.
                (Note that use of the override may cause unknown side effects.)
[    5.649832] kvm: disabled by bios
[    5.748934] EDAC amd64: Node 0: DRAM ECC disabled.
[    5.748936] EDAC amd64: ECC disabled in the BIOS or no ECC capability, module will not load.
                Either enable ECC checking or force module loading by setting 'ecc_enable_override'.
                (Note that use of the override may cause unknown side effects.)
[    5.749607] kvm: disabled by bios
[    5.849257] kvm: disabled by bios
[    5.849560] EDAC amd64: Node 0: DRAM ECC disabled.
[    5.849562] EDAC amd64: ECC disabled in the BIOS or no ECC capability, module will not load.
                Either enable ECC checking or force module loading by setting 'ecc_enable_override'.
                (Note that use of the override may cause unknown side effects.)
[    5.953036] EDAC amd64: Node 0: DRAM ECC disabled.
[    5.953037] EDAC amd64: ECC disabled in the BIOS or no ECC capability, module will not load.
                Either enable ECC checking or force module loading by setting 'ecc_enable_override'.
                (Note that use of the override may cause unknown side effects.)
[    5.953495] kvm: disabled by bios
[    6.033259] kvm: disabled by bios
[    6.033595] EDAC amd64: Node 0: DRAM ECC disabled.
[    6.033596] EDAC amd64: ECC disabled in the BIOS or no ECC capability, module will not load.
                Either enable ECC checking or force module loading by setting 'ecc_enable_override'.
                (Note that use of the override may cause unknown side effects.)
[    6.105129] EDAC amd64: Node 0: DRAM ECC disabled.
[    6.105131] EDAC amd64: ECC disabled in the BIOS or no ECC capability, module will not load.
                Either enable ECC checking or force module loading by setting 'ecc_enable_override'.
                (Note that use of the override may cause unknown side effects.)
[    6.105433] kvm: disabled by bios
[    6.189274] EDAC amd64: Node 0: DRAM ECC disabled.
[    6.189275] EDAC amd64: ECC disabled in the BIOS or no ECC capability, module will not load.
                Either enable ECC checking or force module loading by setting 'ecc_enable_override'.
                (Note that use of the override may cause unknown side effects.)
[    6.189637] kvm: disabled by bios
[    6.261200] EDAC amd64: Node 0: DRAM ECC disabled.
[    6.261202] EDAC amd64: ECC disabled in the BIOS or no ECC capability, module will not load.
                Either enable ECC checking or force module loading by setting 'ecc_enable_override'.
                (Note that use of the override may cause unknown side effects.)
[    6.261362] kvm: disabled by bios
[    6.361071] EDAC amd64: Node 0: DRAM ECC disabled.
[    6.361072] EDAC amd64: ECC disabled in the BIOS or no ECC capability, module will not load.
                Either enable ECC checking or force module loading by setting 'ecc_enable_override'.
                (Note that use of the override may cause unknown side effects.)
[    6.361306] kvm: disabled by bios
[    6.444900] EDAC amd64: Node 0: DRAM ECC disabled.
[    6.444902] EDAC amd64: ECC disabled in the BIOS or no ECC capability, module will not load.
                Either enable ECC checking or force module loading by setting 'ecc_enable_override'.
                (Note that use of the override may cause unknown side effects.)
[    8.297053] igb 0000:0b:00.0 enp11s0: igb: enp11s0 NIC Link is Up 1000 Mbps Full Duplex, Flow Control: RX/TX
[    8.297411] IPv6: ADDRCONF(NETDEV_CHANGE): enp11s0: link becomes ready
[   67.168511] xdma: loading out-of-tree module taints kernel.
[   67.168603] xdma: module verification failed: signature and/or required key missing - tainting kernel
[   67.169588] xdma:xdma_mod_init: Xilinx XDMA Reference Driver xdma v2020.2.2
[   67.169590] xdma:xdma_mod_init: desc_blen_max: 0xfffffff/268435455, timeout: h2c 10 c2h 10 sec.
[   67.169655] xdma:xdma_device_open: xdma device 0000:0d:00.0, 0x00000000299ec249.
[   67.169657] xdma:alloc_dev_instance: xdev = 0x0000000029571c68
[   67.170530] xdma:xdev_list_add: dev 0000:0d:00.0, xdev 0x0000000029571c68, xdma idx 0.
[   67.171604] xdma:request_regions: pci_request_regions()
[   67.172440] xdma:map_single_bar: BAR0: 65536 bytes to be mapped.
[   67.173340] xdma:map_single_bar: BAR0 at 0xa0010000 mapped at 0x00000000b4e39ddf, length=65536(/65536)
[   67.173345] xdma:is_config_bar: BAR 0 is the XDMA config BAR
[   67.174178] xdma:map_bars: config bar 0, pos 0.
[   67.174179] xdma:map_single_bar: BAR2: 536870912 bytes to be mapped.
[   67.175089] xdma:map_single_bar: BAR2 at 0x80000000 mapped at 0x000000007c3a439e, length=536870912(/536870912)
[   67.175090] xdma:map_single_bar: BAR4: 65536 bytes to be mapped.
[   67.175958] xdma:map_single_bar: BAR4 at 0xa0000000 mapped at 0x00000000f5512c3b, length=65536(/65536)
[   67.175959] xdma:identify_bars: xdev 0x0000000029571c68, bars 3, config at 0.
[   67.176801] xdma:identify_bars: 3/4, XDMA config BAR unexpected 0.
[   67.176802] xdma:identify_bars: 3 BARs: config 0, user -1, bypass -1.
[   67.176806] xdma:set_dma_mask: sizeof(dma_addr_t) == 8
[   67.177610] xdma:set_dma_mask: pci_set_dma_mask()
[   67.178273] xdma:set_dma_mask: Using a 64-bit DMA mask.
[   67.179085] xdma:__write_register: channel_interrupts_disable: w reg 0x2000(0x000000001361c5a5), 0xffffffff.
[   67.180322] xdma:__write_register: user_interrupts_disable: w reg 0x2000(0x00000000fe46abf5), 0xffffffff.
[   67.181417] xdma:read_interrupts: ioread32(0x00000000388859e6) returned 0x00000000 (user_int_request).
[   67.182588] xdma:read_interrupts: ioread32(0x00000000d6f94edf) returned 0x00000000 (channel_int_request)
[   67.183758] line4449
[   67.183762] xdma:probe_for_engine: found AXI H2C 0 engine, reg. off 0x0, id 0x1fc0,0x0.
[   67.184816] xdma:engine_init: channel 0, offset 0x0, dir 1.
[   67.185652] xdma:engine_init: engine 00000000ae8cda57 name 0-H2C0-MM irq_bitmask=0x00000001
[   67.186766] xdma:__write_register: engine_init_regs: w reg 0x1640e9ba3bac(0x00000000e73c758e), 0x2000000.
[   67.187876] xdma:engine_alignments: engine 00000000ae8cda57 name 0-H2C0-MM alignments=0x00010140
[   67.189010] xdma:engine_alignments: align_bytes = 1
[   67.228501] xdma:engine_alignments: granularity_bytes = 1
[   67.267333] xdma:engine_alignments: address_bits = 64
[   67.304944] xdma:__write_register: engine_init_regs: w reg 0x1640e9ba3c30(0x00000000563daf72), 0xf83e1e.
[   67.381156] xdma:probe_for_engine: found AXI H2C 1 engine, reg. off 0x100, id 0x1fc0,0x1.
[   67.460765] xdma:engine_init: channel 1, offset 0x100, dir 1.
[   67.502308] xdma:engine_init: engine 00000000fa588e21 name 0-H2C1-MM irq_bitmask=0x00000002
[   67.584041] xdma:__write_register: engine_init_regs: w reg 0x1640e9ba3b4c(0x00000000f032f681), 0x2000000.
[   67.668480] xdma:engine_alignments: engine 00000000fa588e21 name 0-H2C1-MM alignments=0x00010140
[   67.753787] xdma:engine_alignments: align_bytes = 1
[   67.796533] xdma:engine_alignments: granularity_bytes = 1
[   67.838594] xdma:engine_alignments: address_bits = 64
[   67.880508] xdma:__write_register: engine_init_regs: w reg 0x1640e9ba3bd0(0x0000000028033948), 0xf83e1e.
[   67.965110] xdma:probe_for_engine: found AXI H2C 2 engine, reg. off 0x200, id 0x1fc0,0x2.
[   68.051660] xdma:engine_init: channel 2, offset 0x200, dir 1.
[   68.094530] xdma:engine_init: engine 00000000c4966822 name 0-H2C2-MM irq_bitmask=0x00000004
[   68.179583] xdma:__write_register: engine_init_regs: w reg 0x1640e9ba3aec(0x000000007bbfcc10), 0x2000000.
[   68.264688] xdma:engine_alignments: engine 00000000c4966822 name 0-H2C2-MM alignments=0x00010140
[   68.349999] xdma:engine_alignments: align_bytes = 1
[   68.392288] xdma:engine_alignments: granularity_bytes = 1
[   68.434067] xdma:engine_alignments: address_bits = 64
[   68.475872] xdma:__write_register: engine_init_regs: w reg 0x1640e9ba3b70(0x00000000824e94fb), 0xf83e1e.
[   68.560521] xdma:probe_for_engine: found AXI H2C 3 engine, reg. off 0x300, id 0x1fc0,0x3.
[   68.646426] xdma:engine_init: channel 3, offset 0x300, dir 1.
[   68.688892] xdma:engine_init: engine 00000000f72dc2f2 name 0-H2C3-MM irq_bitmask=0x00000008
[   68.772870] xdma:__write_register: engine_init_regs: w reg 0x1640e9ba3a8c(0x00000000a4147c42), 0x2000000.
[   68.856943] xdma:engine_alignments: engine 00000000f72dc2f2 name 0-H2C3-MM alignments=0x00010140
[   68.941220] xdma:engine_alignments: align_bytes = 1
[   68.983031] xdma:engine_alignments: granularity_bytes = 1
[   69.024480] xdma:engine_alignments: address_bits = 64
[   69.066180] xdma:__write_register: engine_init_regs: w reg 0x1640e9ba3b10(0x000000007b0950b3), 0xf83e1e.
[   69.149770] xdma:probe_for_engine: found AXI C2H 0 engine, reg. off 0x1000, id 0x1fc1,0x0.
[   69.235093] xdma:engine_init: channel 0, offset 0x1000, dir 2.
[   69.277923] xdma:engine_init: engine 00000000ab89e83c name 0-C2H0-MM irq_bitmask=0x00000010
[   69.362337] xdma:__write_register: engine_init_regs: w reg 0x1640e9ba462c(0x00000000c6882703), 0x2000000.
[   69.446753] xdma:engine_alignments: engine 00000000ab89e83c name 0-C2H0-MM alignments=0x00010140
[   69.531646] xdma:engine_alignments: align_bytes = 1
[   69.573780] xdma:engine_alignments: granularity_bytes = 1
[   69.615542] xdma:engine_alignments: address_bits = 64
[   69.657330] xdma:__write_register: engine_init_regs: w reg 0x1640e9ba46b0(0x0000000079add15f), 0xf83e1e.
[   69.741894] xdma:probe_for_engine: found AXI C2H 1 engine, reg. off 0x1100, id 0x1fc1,0x1.
[   69.828405] xdma:engine_init: channel 1, offset 0x1100, dir 2.
[   69.871747] xdma:engine_init: engine 00000000db88e4e5 name 0-C2H1-MM irq_bitmask=0x00000020
[   69.956865] xdma:__write_register: engine_init_regs: w reg 0x1640e9ba45cc(0x0000000021d55ad3), 0x2000000.
[   70.041998] xdma:engine_alignments: engine 00000000db88e4e5 name 0-C2H1-MM alignments=0x00010140
[   70.127503] xdma:engine_alignments: align_bytes = 1
[   70.170036] xdma:engine_alignments: granularity_bytes = 1
[   70.212085] xdma:engine_alignments: address_bits = 64
[   70.254384] xdma:__write_register: engine_init_regs: w reg 0x1640e9ba4650(0x0000000060251952), 0xf83e1e.
[   70.339992] xdma:probe_for_engine: found AXI C2H 2 engine, reg. off 0x1200, id 0x1fc1,0x2.
[   70.427590] xdma:engine_init: channel 2, offset 0x1200, dir 2.
[   70.471176] xdma:engine_init: engine 00000000a9118a38 name 0-C2H2-MM irq_bitmask=0x00000040
[   70.556623] xdma:__write_register: engine_init_regs: w reg 0x1640e9ba456c(0x00000000448a67fc), 0x2000000.
[   70.642510] xdma:engine_alignments: engine 00000000a9118a38 name 0-C2H2-MM alignments=0x00010140
[   70.729296] xdma:engine_alignments: align_bytes = 1
[   70.772395] xdma:engine_alignments: granularity_bytes = 1
[   70.815136] xdma:engine_alignments: address_bits = 64
[   70.857904] xdma:__write_register: engine_init_regs: w reg 0x1640e9ba45f0(0x000000006c0aadb4), 0xf83e1e.
[   70.944646] xdma:probe_for_engine: found AXI C2H 3 engine, reg. off 0x1300, id 0x1fc1,0x3.
[   71.033523] xdma:engine_init: channel 3, offset 0x1300, dir 2.
[   71.077817] xdma:engine_init: engine 00000000812c80fa name 0-C2H3-MM irq_bitmask=0x00000080
[   71.164724] xdma:__write_register: engine_init_regs: w reg 0x1640e9ba450c(0x00000000d0299080), 0x2000000.
[   71.251968] xdma:engine_alignments: engine 00000000812c80fa name 0-C2H3-MM alignments=0x00010140
[   71.339708] xdma:engine_alignments: align_bytes = 1
[   71.383298] xdma:engine_alignments: granularity_bytes = 1
[   71.426220] xdma:engine_alignments: address_bits = 64
[   71.469393] xdma:__write_register: engine_init_regs: w reg 0x1640e9ba4590(0x00000000babec6ed), 0xf83e1e.
[   71.556332] line4454
[   71.556343] xdma:enable_msi_msix: Enabling MSI-X
[   71.599721] line4459
[   71.599725] xdma:pci_keep_intx_enabled: 0000:0d:00.0: clear INTX_DISABLE, 0x407 -> 0x7.
[   71.599745] xdma:irq_msix_channel_setup: engine 0-H2C0-MM, irq#62.
[   71.599754] xdma:irq_msix_channel_setup: engine 0-H2C1-MM, irq#63.
[   71.599763] xdma:irq_msix_channel_setup: engine 0-H2C2-MM, irq#64.
[   71.599773] xdma:irq_msix_channel_setup: engine 0-H2C3-MM, irq#65.
[   71.599782] xdma:irq_msix_channel_setup: engine 0-C2H0-MM, irq#66.
[   71.599790] xdma:irq_msix_channel_setup: engine 0-C2H1-MM, irq#67.
[   71.599798] xdma:irq_msix_channel_setup: engine 0-C2H2-MM, irq#68.
[   71.599806] xdma:irq_msix_channel_setup: engine 0-C2H3-MM, irq#69.
[   71.599807] 2083 libxdma.c
[   71.599807] xdev->user_max: 16
[   71.599820] xdma:irq_msix_user_setup: 0-USR-0, IRQ#70 with 0x00000000602f1745
[   71.599829] xdma:irq_msix_user_setup: 0-USR-1, IRQ#71 with 0x000000003fb8337b
[   71.599838] xdma:irq_msix_user_setup: 0-USR-2, IRQ#72 with 0x0000000099b12202
[   71.599846] xdma:irq_msix_user_setup: 0-USR-3, IRQ#73 with 0x0000000037c22889
[   71.599855] xdma:irq_msix_user_setup: 0-USR-4, IRQ#74 with 0x00000000ac408ff5
[   71.599864] xdma:irq_msix_user_setup: 0-USR-5, IRQ#75 with 0x00000000b4194070
[   71.599872] xdma:irq_msix_user_setup: 0-USR-6, IRQ#76 with 0x000000009805f2c1
[   71.599881] xdma:irq_msix_user_setup: 0-USR-7, IRQ#77 with 0x0000000035a00037
[   71.599889] xdma:irq_msix_user_setup: 0-USR-8, IRQ#78 with 0x000000007ef295c6
[   71.599898] xdma:irq_msix_user_setup: 0-USR-9, IRQ#79 with 0x00000000f5cfc282
[   71.599907] xdma:irq_msix_user_setup: 0-USR-10, IRQ#80 with 0x000000004e805d9d
[   71.599915] xdma:irq_msix_user_setup: 0-USR-11, IRQ#81 with 0x00000000fc90228d
[   71.599924] xdma:irq_msix_user_setup: 0-USR-12, IRQ#82 with 0x000000006d361991
[   71.599932] xdma:irq_msix_user_setup: 0-USR-13, IRQ#83 with 0x00000000a02da119
[   71.599942] xdma:irq_msix_user_setup: 0-USR-14, IRQ#84 with 0x00000000db784803
[   71.599951] xdma:irq_msix_user_setup: 0-USR-15, IRQ#85 with 0x000000000e50e81b
[   71.599953] xdma:__write_register: prog_irq_msix_channel: w reg 0x20a0(0x000000007f60062e), 0x3020100.
[   71.682733] xdma:prog_irq_msix_channel: vector 0, 0x3020100.
[   71.723503] xdma:__write_register: prog_irq_msix_channel: w reg 0x20a4(0x00000000bf2c9bf2), 0x7060504.
[   71.804676] xdma:prog_irq_msix_channel: vector 1, 0x7060504.
[   71.845297] xdma:__write_register: prog_irq_msix_user: w reg 0x2080(0x000000008614b416), 0xb0a0908.
[   71.924278] xdma:prog_irq_msix_user: vector 0, 0xb0a0908.
[   71.962995] xdma:__write_register: prog_irq_msix_user: w reg 0x2084(0x00000000278c879a), 0xf0e0d0c.
[   72.040649] xdma:prog_irq_msix_user: vector 1, 0xf0e0d0c.
[   72.080225] xdma:__write_register: prog_irq_msix_user: w reg 0x2088(0x000000008c280e35), 0x13121110.
[   72.158495] xdma:prog_irq_msix_user: vector 2, 0x13121110.
[   72.196750] xdma:__write_register: prog_irq_msix_user: w reg 0x208c(0x0000000012837812), 0x17161514.
[   72.269439] xdma:prog_irq_msix_user: vector 3, 0x17161514.
[   72.306044] line4464
[   72.306047] xdma:__write_register: channel_interrupts_enable: w reg 0x2000(0x000000004f179897), 0xffffffff.
[   72.378007] line4468
[   72.378010] xdma:read_interrupts: ioread32(0x00000000388859e6) returned 0x00000000 (user_int_request).
[   72.448788] xdma:read_interrupts: ioread32(0x00000000d6f94edf) returned 0x00000000 (channel_int_request)
[   72.518066] xdma:__write_register: user_interrupts_enable: w reg 0x2000(0x00000000be3541cb), 0x1ffff.
[   72.589207] xdma:read_interrupts: ioread32(0x00000000388859e6) returned 0x00000000 (user_int_request).
[   72.659948] xdma:read_interrupts: ioread32(0x00000000d6f94edf) returned 0x00000000 (channel_int_request)
[   72.730877] xdma:probe_one: 0000:0d:00.0 xdma0, pdev 0x00000000299ec249, xdev 0x0000000081133681, 0x0000000029571c68, usr 16, ch 4,4.
[   72.730885] xdma:create_xcdev: xcdev 0x00000000d5ac28b9, 241:1, (null), type 0x1.
[   72.802210] char device name: xdma%d_control 0
[   72.802214] xdma:create_xcdev: xcdev 0x0000000093bcda16, 241:10, (null), type 0x3.
[   72.874989] char device name: xdma%d_events_%d 0
[   72.874991] xdma:create_xcdev: xcdev 0x00000000a8a26a74, 241:11, (null), type 0x3.
[   72.948780] char device name: xdma%d_events_%d 0
[   72.948781] xdma:create_xcdev: xcdev 0x00000000b183c38f, 241:12, (null), type 0x3.
[   73.024330] char device name: xdma%d_events_%d 0
[   73.024332] xdma:create_xcdev: xcdev 0x000000006c2a42ae, 241:13, (null), type 0x3.
[   73.101999] char device name: xdma%d_events_%d 0
[   73.102001] xdma:create_xcdev: xcdev 0x000000000e40fb8b, 241:14, (null), type 0x3.
[   73.180962] char device name: xdma%d_events_%d 0
[   73.180963] xdma:create_xcdev: xcdev 0x00000000d5625a40, 241:15, (null), type 0x3.
[   73.261329] char device name: xdma%d_events_%d 0
[   73.261330] xdma:create_xcdev: xcdev 0x00000000c238a7fe, 241:16, (null), type 0x3.
[   73.343293] char device name: xdma%d_events_%d 0
[   73.343295] xdma:create_xcdev: xcdev 0x00000000844a459c, 241:17, (null), type 0x3.
[   73.426445] char device name: xdma%d_events_%d 0
[   73.426446] xdma:create_xcdev: xcdev 0x00000000609fce60, 241:18, (null), type 0x3.
[   73.510973] char device name: xdma%d_events_%d 0
[   73.510974] xdma:create_xcdev: xcdev 0x00000000762092bb, 241:19, (null), type 0x3.
[   73.596963] char device name: xdma%d_events_%d 0
[   73.596965] xdma:create_xcdev: xcdev 0x000000000ee2a242, 241:20, (null), type 0x3.
[   73.684358] char device name: xdma%d_events_%d 0
[   73.684360] xdma:create_xcdev: xcdev 0x00000000f5c3c1f9, 241:21, (null), type 0x3.
[   73.772945] char device name: xdma%d_events_%d 0
[   73.772946] xdma:create_xcdev: xcdev 0x00000000aae435a6, 241:22, (null), type 0x3.
[   73.863273] char device name: xdma%d_events_%d 0
[   73.863281] xdma:create_xcdev: xcdev 0x000000002db3a2f1, 241:23, (null), type 0x3.
[   73.955071] char device name: xdma%d_events_%d 0
[   73.955077] xdma:create_xcdev: xcdev 0x00000000aa2d843e, 241:24, (null), type 0x3.
[   74.046242] char device name: xdma%d_events_%d 0
[   74.046246] xdma:create_xcdev: xcdev 0x00000000f1095ac5, 241:25, (null), type 0x3.
[   74.137324] char device name: xdma%d_events_%d 0
[   74.137327] xdma:create_xcdev: xcdev 0x0000000021a2ab38, 241:32, (null), type 0x4.
[   74.228408] char device name: xdma%d_h2c_%d 0
[   74.228410] xdma:create_xcdev: xcdev 0x00000000d80247fe, 241:33, (null), type 0x4.
[   74.228453] char device name: xdma%d_h2c_%d 0
[   74.228455] xdma:create_xcdev: xcdev 0x000000007c96210f, 241:34, (null), type 0x4.
[   74.228500] char device name: xdma%d_h2c_%d 0
[   74.228503] xdma:create_xcdev: xcdev 0x00000000e27941ed, 241:35, (null), type 0x4.
[   74.501646] char device name: xdma%d_h2c_%d 0
[   74.501653] xdma:create_xcdev: xcdev 0x000000007e41a7dd, 241:36, (null), type 0x5.
[   74.592976] char device name: xdma%d_c2h_%d 0
[   74.592980] xdma:create_xcdev: xcdev 0x0000000002e08bb8, 241:37, (null), type 0x5.
[   74.684291] char device name: xdma%d_c2h_%d 0
[   74.684295] xdma:create_xcdev: xcdev 0x00000000a41b7245, 241:38, (null), type 0x5.
[   74.775530] char device name: xdma%d_c2h_%d 0
[   74.775532] xdma:create_xcdev: xcdev 0x000000001f19eeeb, 241:39, (null), type 0x5.
[   74.866698] char device name: xdma%d_c2h_%d 0
[   74.866718] xdma:xdma_device_open: xdma device 0000:0e:00.0, 0x00000000c8215707.
[   74.866719] xdma:alloc_dev_instance: xdev = 0x000000001a0f8f84
[   74.912258] xdma:xdev_list_add: dev 0000:0e:00.0, xdev 0x000000001a0f8f84, xdma idx 1.
[   75.002615] xdma:request_regions: pci_request_regions()
[   75.047692] xdma:map_single_bar: BAR0: 65536 bytes to be mapped.
[   75.092410] xdma:map_single_bar: BAR0 at 0xe0010000 mapped at 0x000000007be5895a, length=65536(/65536)
[   75.092412] xdma:is_config_bar: BAR 0 is the XDMA config BAR
[   75.136476] xdma:map_bars: config bar 0, pos 0.
[   75.136477] xdma:map_single_bar: BAR2: 536870912 bytes to be mapped.
[   75.180189] xdma:map_single_bar: BAR2 at 0xc0000000 mapped at 0x00000000dbe143a0, length=536870912(/536870912)
[   75.180190] xdma:map_single_bar: BAR4: 65536 bytes to be mapped.
[   75.223232] xdma:map_single_bar: BAR4 at 0xe0000000 mapped at 0x000000005515e145, length=65536(/65536)
[   75.223233] xdma:identify_bars: xdev 0x000000001a0f8f84, bars 3, config at 0.
[   75.266393] xdma:identify_bars: 3/4, XDMA config BAR unexpected 0.
[   75.266394] xdma:identify_bars: 3 BARs: config 0, user -1, bypass -1.
[   75.266394] xdma:set_dma_mask: sizeof(dma_addr_t) == 8
[   75.309600] xdma:set_dma_mask: pci_set_dma_mask()
[   75.351919] xdma:set_dma_mask: Using a 64-bit DMA mask.
[   75.393621] xdma:__write_register: channel_interrupts_disable: w reg 0x2000(0x0000000005718d3f), 0xffffffff.
[   75.476297] xdma:__write_register: user_interrupts_disable: w reg 0x2000(0x000000005a729277), 0xffffffff.
[   75.557829] xdma:read_interrupts: ioread32(0x00000000d320d8cf) returned 0x00000000 (user_int_request).
[   75.638295] xdma:read_interrupts: ioread32(0x00000000ca9ecfda) returned 0x00000000 (channel_int_request)
[   75.717077] line4449
[   75.717079] xdma:probe_for_engine: found AXI H2C 0 engine, reg. off 0x0, id 0x1fc0,0x0.
[   75.797232] xdma:engine_init: channel 0, offset 0x0, dir 1.
[   75.837888] xdma:engine_init: engine 000000002b19a3cf name 1-H2C0-MM irq_bitmask=0x00000001
[   75.918152] xdma:__write_register: engine_init_regs: w reg 0x1640eeb39bac(0x0000000069d44275), 0x2000000.
[   75.998532] xdma:engine_alignments: engine 000000002b19a3cf name 1-H2C0-MM alignments=0x00010140
[   76.079093] xdma:engine_alignments: align_bytes = 1
[   76.119422] xdma:engine_alignments: granularity_bytes = 1
[   76.159180] xdma:engine_alignments: address_bits = 64
[   76.197875] xdma:__write_register: engine_init_regs: w reg 0x1640eeb39c30(0x000000007c0156ab), 0xf83e1e.
[   76.275988] xdma:probe_for_engine: found AXI H2C 1 engine, reg. off 0x100, id 0x1fc0,0x1.
[   76.357218] xdma:engine_init: channel 1, offset 0x100, dir 1.
[   76.399404] xdma:engine_init: engine 0000000076db1981 name 1-H2C1-MM irq_bitmask=0x00000002
[   76.482171] xdma:__write_register: engine_init_regs: w reg 0x1640eeb39b4c(0x000000001f93f3f6), 0x2000000.
[   76.566771] xdma:engine_alignments: engine 0000000076db1981 name 1-H2C1-MM alignments=0x00010140
[   76.652150] xdma:engine_alignments: align_bytes = 1
[   76.695093] xdma:engine_alignments: granularity_bytes = 1
[   76.737265] xdma:engine_alignments: address_bits = 64
[   76.778906] xdma:__write_register: engine_init_regs: w reg 0x1640eeb39bd0(0x0000000000dad7c9), 0xf83e1e.
[   76.862663] xdma:probe_for_engine: found AXI H2C 2 engine, reg. off 0x200, id 0x1fc0,0x2.
[   76.948333] xdma:engine_init: channel 2, offset 0x200, dir 1.
[   76.990747] xdma:engine_init: engine 00000000bd0b8ae9 name 1-H2C2-MM irq_bitmask=0x00000004
[   77.074939] xdma:__write_register: engine_init_regs: w reg 0x1640eeb39aec(0x00000000db167428), 0x2000000.
[   77.159451] xdma:engine_alignments: engine 00000000bd0b8ae9 name 1-H2C2-MM alignments=0x00010140
[   77.244012] xdma:engine_alignments: align_bytes = 1
[   77.285910] xdma:engine_alignments: granularity_bytes = 1
[   77.327440] xdma:engine_alignments: address_bits = 64
[   77.368623] xdma:__write_register: engine_init_regs: w reg 0x1640eeb39b70(0x000000000b276be6), 0xf83e1e.
[   77.451855] xdma:probe_for_engine: found AXI H2C 3 engine, reg. off 0x300, id 0x1fc0,0x3.
[   77.536460] xdma:engine_init: channel 3, offset 0x300, dir 1.
[   77.578429] xdma:engine_init: engine 000000007b4e51d5 name 1-H2C3-MM irq_bitmask=0x00000008
[   77.661813] xdma:__write_register: engine_init_regs: w reg 0x1640eeb39a8c(0x00000000eb6f8dc8), 0x2000000.
[   77.744761] xdma:engine_alignments: engine 000000007b4e51d5 name 1-H2C3-MM alignments=0x00010140
[   77.828010] xdma:engine_alignments: align_bytes = 1
[   77.869426] xdma:engine_alignments: granularity_bytes = 1
[   77.910398] xdma:engine_alignments: address_bits = 64
[   77.951358] xdma:__write_register: engine_init_regs: w reg 0x1640eeb39b10(0x00000000ccc0cce5), 0xf83e1e.
[   78.034341] xdma:probe_for_engine: found AXI C2H 0 engine, reg. off 0x1000, id 0x1fc1,0x0.
[   78.118953] xdma:engine_init: channel 0, offset 0x1000, dir 2.
[   78.161494] xdma:engine_init: engine 000000002a17e088 name 1-C2H0-MM irq_bitmask=0x00000010
[   78.245378] xdma:__write_register: engine_init_regs: w reg 0x1640eeb3a62c(0x00000000f8ec00a0), 0x2000000.
[   78.329350] xdma:engine_alignments: engine 000000002a17e088 name 1-C2H0-MM alignments=0x00010140
[   78.413713] xdma:engine_alignments: align_bytes = 1
[   78.455661] xdma:engine_alignments: granularity_bytes = 1
[   78.497209] xdma:engine_alignments: address_bits = 64
[   78.538695] xdma:__write_register: engine_init_regs: w reg 0x1640eeb3a6b0(0x000000003c0f8488), 0xf83e1e.
[   78.623019] xdma:probe_for_engine: found AXI C2H 1 engine, reg. off 0x1100, id 0x1fc1,0x1.
[   78.709103] xdma:engine_init: channel 1, offset 0x1100, dir 2.
[   78.752277] xdma:engine_init: engine 000000002df48bcb name 1-C2H1-MM irq_bitmask=0x00000020
[   78.836913] xdma:__write_register: engine_init_regs: w reg 0x1640eeb3a5cc(0x000000006431a313), 0x2000000.
[   78.921642] xdma:engine_alignments: engine 000000002df48bcb name 1-C2H1-MM alignments=0x00010140
[   79.006824] xdma:engine_alignments: align_bytes = 1
[   79.049101] xdma:engine_alignments: granularity_bytes = 1
[   79.090872] xdma:engine_alignments: address_bits = 64
[   79.132648] xdma:__write_register: engine_init_regs: w reg 0x1640eeb3a650(0x000000006576066f), 0xf83e1e.
[   79.217469] xdma:probe_for_engine: found AXI C2H 2 engine, reg. off 0x1200, id 0x1fc1,0x2.
[   79.304462] xdma:engine_init: channel 2, offset 0x1200, dir 2.
[   79.347924] xdma:engine_init: engine 0000000066180ac5 name 1-C2H2-MM irq_bitmask=0x00000040
[   79.432541] xdma:__write_register: engine_init_regs: w reg 0x1640eeb3a56c(0x00000000a216620d), 0x2000000.
[   79.517332] xdma:engine_alignments: engine 0000000066180ac5 name 1-C2H2-MM alignments=0x00010140
[   79.602504] xdma:engine_alignments: align_bytes = 1
[   79.644814] xdma:engine_alignments: granularity_bytes = 1
[   79.686560] xdma:engine_alignments: address_bits = 64
[   79.728306] xdma:__write_register: engine_init_regs: w reg 0x1640eeb3a5f0(0x000000003e33abbf), 0xf83e1e.
[   79.813254] xdma:probe_for_engine: found AXI C2H 3 engine, reg. off 0x1300, id 0x1fc1,0x3.
[   79.900360] xdma:engine_init: channel 3, offset 0x1300, dir 2.
[   79.944002] xdma:engine_init: engine 00000000264a5341 name 1-C2H3-MM irq_bitmask=0x00000080
[   80.029358] xdma:__write_register: engine_init_regs: w reg 0x1640eeb3a50c(0x0000000091c6804d), 0x2000000.
[   80.115673] xdma:engine_alignments: engine 00000000264a5341 name 1-C2H3-MM alignments=0x00010140
[   80.203106] xdma:engine_alignments: align_bytes = 1
[   80.246662] xdma:engine_alignments: granularity_bytes = 1
[   80.289797] xdma:engine_alignments: address_bits = 64
[   80.332901] xdma:__write_register: engine_init_regs: w reg 0x1640eeb3a590(0x0000000043220602), 0xf83e1e.
[   80.420709] line4454
[   80.420716] xdma:enable_msi_msix: Enabling MSI-X
[   80.465030] line4459
[   80.465034] xdma:pci_keep_intx_enabled: 0000:0e:00.0: clear INTX_DISABLE, 0x407 -> 0x7.
[   80.465053] xdma:irq_msix_channel_setup: engine 1-H2C0-MM, irq#86.
[   80.465065] xdma:irq_msix_channel_setup: engine 1-H2C1-MM, irq#87.
[   80.465074] xdma:irq_msix_channel_setup: engine 1-H2C2-MM, irq#88.
[   80.465083] xdma:irq_msix_channel_setup: engine 1-H2C3-MM, irq#89.
[   80.465091] xdma:irq_msix_channel_setup: engine 1-C2H0-MM, irq#90.
[   80.465099] xdma:irq_msix_channel_setup: engine 1-C2H1-MM, irq#91.
[   80.465110] xdma:irq_msix_channel_setup: engine 1-C2H2-MM, irq#92.
[   80.465118] xdma:irq_msix_channel_setup: engine 1-C2H3-MM, irq#93.
[   80.465119] 2083 libxdma.c
[   80.465120] xdev->user_max: 16
[   80.465129] xdma:irq_msix_user_setup: 1-USR-0, IRQ#94 with 0x0000000000cd19dc
[   80.465138] xdma:irq_msix_user_setup: 1-USR-1, IRQ#95 with 0x0000000057c6210b
[   80.465146] xdma:irq_msix_user_setup: 1-USR-2, IRQ#96 with 0x000000009a07a613
[   80.465156] xdma:irq_msix_user_setup: 1-USR-3, IRQ#97 with 0x0000000039b04fbd
[   80.465165] xdma:irq_msix_user_setup: 1-USR-4, IRQ#98 with 0x00000000ceece7a9
[   80.465174] xdma:irq_msix_user_setup: 1-USR-5, IRQ#99 with 0x00000000c5d96257
[   80.465183] xdma:irq_msix_user_setup: 1-USR-6, IRQ#100 with 0x000000002f1558cc
[   80.465193] xdma:irq_msix_user_setup: 1-USR-7, IRQ#101 with 0x00000000ab25e9e6
[   80.465202] xdma:irq_msix_user_setup: 1-USR-8, IRQ#102 with 0x000000008044da21
[   80.465211] xdma:irq_msix_user_setup: 1-USR-9, IRQ#103 with 0x000000008ce54a3d
[   80.465219] xdma:irq_msix_user_setup: 1-USR-10, IRQ#104 with 0x0000000027a44900
[   80.465228] xdma:irq_msix_user_setup: 1-USR-11, IRQ#105 with 0x000000001d19a4b1
[   80.465238] xdma:irq_msix_user_setup: 1-USR-12, IRQ#106 with 0x000000002ce26056
[   80.465247] xdma:irq_msix_user_setup: 1-USR-13, IRQ#107 with 0x00000000358f15e7
[   80.465256] xdma:irq_msix_user_setup: 1-USR-14, IRQ#108 with 0x000000003c5e6dff
[   80.465265] xdma:irq_msix_user_setup: 1-USR-15, IRQ#109 with 0x0000000003ed52bc
[   80.465267] xdma:__write_register: prog_irq_msix_channel: w reg 0x20a0(0x0000000076b28a04), 0x3020100.
[   80.549567] xdma:prog_irq_msix_channel: vector 0, 0x3020100.
[   80.590986] xdma:__write_register: prog_irq_msix_channel: w reg 0x20a4(0x00000000eda2b289), 0x7060504.
[   80.673424] xdma:prog_irq_msix_channel: vector 1, 0x7060504.
[   80.714638] xdma:__write_register: prog_irq_msix_user: w reg 0x2080(0x00000000ff4dc4c4), 0xb0a0908.
[   80.795573] xdma:prog_irq_msix_user: vector 0, 0xb0a0908.
[   80.835440] xdma:__write_register: prog_irq_msix_user: w reg 0x2084(0x000000007d957822), 0xf0e0d0c.
[   80.915824] xdma:prog_irq_msix_user: vector 1, 0xf0e0d0c.
[   80.956855] xdma:__write_register: prog_irq_msix_user: w reg 0x2088(0x000000007f64855d), 0x13121110.
[   81.037932] xdma:prog_irq_msix_user: vector 2, 0x13121110.
[   81.077539] xdma:__write_register: prog_irq_msix_user: w reg 0x208c(0x000000000fa1485c), 0x17161514.
[   81.152918] xdma:prog_irq_msix_user: vector 3, 0x17161514.
[   81.190705] line4464
[   81.190706] xdma:__write_register: channel_interrupts_enable: w reg 0x2000(0x00000000facf8034), 0xffffffff.
[   81.264808] line4468
[   81.264810] xdma:read_interrupts: ioread32(0x00000000d320d8cf) returned 0x00000000 (user_int_request).
[   81.336868] xdma:read_interrupts: ioread32(0x00000000ca9ecfda) returned 0x00000000 (channel_int_request)
[   81.407542] xdma:__write_register: user_interrupts_enable: w reg 0x2000(0x00000000797aa9c3), 0x1ffff.
[   81.479979] xdma:read_interrupts: ioread32(0x00000000d320d8cf) returned 0x00000000 (user_int_request).
[   81.552214] xdma:read_interrupts: ioread32(0x00000000ca9ecfda) returned 0x00000000 (channel_int_request)
[   81.623413] xdma:probe_one: 0000:0e:00.0 xdma1, pdev 0x00000000c8215707, xdev 0x00000000b198e67d, 0x000000001a0f8f84, usr 16, ch 4,4.
[   81.623419] xdma:create_xcdev: xcdev 0x0000000096d515c6, 240:1, (null), type 0x1.
[   81.694982] char device name: xdma%d_control 1
[   81.694984] xdma:create_xcdev: xcdev 0x00000000722e9fe5, 240:10, (null), type 0x3.
[   81.768219] char device name: xdma%d_events_%d 1
[   81.768221] xdma:create_xcdev: xcdev 0x00000000e1acb5b1, 240:11, (null), type 0x3.
[   81.842778] char device name: xdma%d_events_%d 1
[   81.842780] xdma:create_xcdev: xcdev 0x0000000030aaa02d, 240:12, (null), type 0x3.
[   81.918965] char device name: xdma%d_events_%d 1
[   81.918967] xdma:create_xcdev: xcdev 0x000000007f01a74d, 240:13, (null), type 0x3.
[   81.996549] char device name: xdma%d_events_%d 1
[   81.996551] xdma:create_xcdev: xcdev 0x000000006a3b0c36, 240:14, (null), type 0x3.
[   82.075749] char device name: xdma%d_events_%d 1
[   82.075751] xdma:create_xcdev: xcdev 0x00000000ef8c3645, 240:15, (null), type 0x3.
[   82.156128] char device name: xdma%d_events_%d 1
[   82.156130] xdma:create_xcdev: xcdev 0x00000000b715dfba, 240:16, (null), type 0x3.
[   82.238169] char device name: xdma%d_events_%d 1
[   82.238171] xdma:create_xcdev: xcdev 0x000000009cc2031d, 240:17, (null), type 0x3.
[   82.321780] char device name: xdma%d_events_%d 1
[   82.321781] xdma:create_xcdev: xcdev 0x000000008565d0a4, 240:18, (null), type 0x3.
[   82.406520] char device name: xdma%d_events_%d 1
[   82.406521] xdma:create_xcdev: xcdev 0x00000000bd902bdd, 240:19, (null), type 0x3.
[   82.492835] char device name: xdma%d_events_%d 1
[   82.492836] xdma:create_xcdev: xcdev 0x000000008d59fad9, 240:20, (null), type 0x3.
[   82.580519] char device name: xdma%d_events_%d 1
[   82.580521] xdma:create_xcdev: xcdev 0x00000000e9b6138a, 240:21, (null), type 0x3.
[   82.669355] char device name: xdma%d_events_%d 1
[   82.669357] xdma:create_xcdev: xcdev 0x00000000abec4221, 240:22, (null), type 0x3.
[   82.759727] char device name: xdma%d_events_%d 1
[   82.759729] xdma:create_xcdev: xcdev 0x000000009b4afaf6, 240:23, (null), type 0x3.
[   82.851308] char device name: xdma%d_events_%d 1
[   82.851310] xdma:create_xcdev: xcdev 0x0000000077297b59, 240:24, (null), type 0x3.
[   82.942492] char device name: xdma%d_events_%d 1
[   82.942493] xdma:create_xcdev: xcdev 0x000000007808b91c, 240:25, (null), type 0x3.
[   83.033736] char device name: xdma%d_events_%d 1
[   83.033737] xdma:create_xcdev: xcdev 0x0000000027daff4e, 240:32, (null), type 0x4.
[   83.124761] char device name: xdma%d_h2c_%d 1
[   83.124762] xdma:create_xcdev: xcdev 0x00000000971d2b21, 240:33, (null), type 0x4.
[   83.215842] char device name: xdma%d_h2c_%d 1
[   83.215844] xdma:create_xcdev: xcdev 0x0000000033a0698e, 240:34, (null), type 0x4.
[   83.306820] char device name: xdma%d_h2c_%d 1
[   83.306821] xdma:create_xcdev: xcdev 0x000000004b5a193b, 240:35, (null), type 0x4.
[   83.397899] char device name: xdma%d_h2c_%d 1
[   83.397900] xdma:create_xcdev: xcdev 0x0000000011838848, 240:36, (null), type 0x5.
[   83.488920] char device name: xdma%d_c2h_%d 1
[   83.488922] xdma:create_xcdev: xcdev 0x00000000ce481ae6, 240:37, (null), type 0x5.
[   83.579944] char device name: xdma%d_c2h_%d 1
[   83.579946] xdma:create_xcdev: xcdev 0x0000000097e5e3cc, 240:38, (null), type 0x5.
[   83.671184] char device name: xdma%d_c2h_%d 1
[   83.671186] xdma:create_xcdev: xcdev 0x00000000ced47a17, 240:39, (null), type 0x5.
[   83.762452] char device name: xdma%d_c2h_%d 1
[   87.872203] RECOGNIZED dev 0000:0e:00.0
[   87.872207] ---------------------------
[   87.872208] PIM_MEM_1] PIM DMA/PCIe control driver
[   87.872209] PIM_MEM_1] BAR #2 - DRAM    : c1000000 - dfffffff (LEN: 1f000000) 
[   87.872210] PIM_MEM_1] BAR #4 - DMA     : e0000000 - e000ffff (LEN: 10000) 
[   87.872211] PIM_MEM_1] BAR #0 - PCIE_OUT: e0010000 - e001ffff (LEN: 10000) 
[   87.872214] PIM_MEM] Relaxed Ordering enable
[   87.872216] PIM_MEM] Complete relaxed Ordering disable
[   87.872938] RECOGNIZED dev 0000:0d:00.0
[   87.872940] ---------------------------
[   87.872940] PIM_MEM_0] PIM DMA/PCIe control driver
[   87.872941] PIM_MEM_0] BAR #2 - DRAM    : 81000000 - 9fffffff (LEN: 1f000000) 
[   87.872942] PIM_MEM_0] BAR #4 - DMA     : a0000000 - a000ffff (LEN: 10000) 
[   87.872942] PIM_MEM_0] BAR #0 - PCIE_OUT: a0010000 - a001ffff (LEN: 10000) 
[   87.872946] PIM_MEM] Relaxed Ordering enable
[   87.872949] PIM_MEM] Complete relaxed Ordering disable
[   87.873763] PIM_MEM] PIM-MEM driver Probe success
[   87.873764] PIM_MEM] ----------------------------
[   87.873765] PL_DMA_PROBE - PCI DEV 0000:0e:00.0 : num 1
[   87.873766] dma_probe - mem_start : c0000000
[   87.873767] dma_probe - mem_len : 20000000
[   87.873767] dma_probe - dma_start : e0000000
[   87.873768] dma_probe - dma_len : 10000
[   87.873768] dma_probe - pci_start : e0010000
[   87.873769] dma_probe - pci_len : 10000
[   87.873868]  PL_DMA] IOREMAP - CONFIG_REG: c0000000 - c01fffff (c0000000)
[   87.873869]  PL_DMA] IOREMAP - CONFIG_MEM: c0400000 - c07fffff (400000)
[   87.873870]  PL_DMA] IOREMAP - DMA_DESC  : c0800000 - c0ffffff (800000)
[   87.873872]  PL_DMA] DMA Register
[   87.873876]  PL_DMA] CDMA_REG_CR : 11002
[   87.873877]  PL_DMA] CDMA_REG_SR : 1000a
[   87.873878] DMA_PROBE - CDMA_DEV->DMA_CTL_REG: 00000000238227e4
[   87.873879]  PL_DMA] CDMA polling mode
[   87.873880] PL_DMA_PROBE - PCI DEV 0000:0d:00.0 : num 0
[   87.873880] dma_probe - mem_start : 80000000
[   87.873881] dma_probe - mem_len : 20000000
[   87.873881] dma_probe - dma_start : a0000000
[   87.873882] dma_probe - dma_len : 10000
[   87.873882] dma_probe - pci_start : a0010000
[   87.873883] dma_probe - pci_len : 10000
[   87.873903]  PL_DMA] IOREMAP - CONFIG_REG: 80000000 - 801fffff (80000000)
[   87.873904]  PL_DMA] IOREMAP - CONFIG_MEM: 80400000 - 807fffff (400000)
[   87.873904]  PL_DMA] IOREMAP - DMA_DESC  : 80800000 - 80ffffff (800000)
[   87.873907]  PL_DMA] DMA Register
